Component: ARM Compiler 5.06 update 7 (build 960) Tool: armlink [4d3601]

==============================================================================

Section Cross References

    startup_stm32f10x_md.o(RESET) refers to startup_stm32f10x_md.o(STACK) for __initial_sp
    startup_stm32f10x_md.o(RESET) refers to startup_stm32f10x_md.o(.text) for Reset_Handler
    startup_stm32f10x_md.o(RESET) refers to stm32f10x_it.o(i.NMI_Handler) for NMI_Handler
    startup_stm32f10x_md.o(RESET) refers to stm32f10x_it.o(i.HardFault_Handler) for HardFault_Handler
    startup_stm32f10x_md.o(RESET) refers to stm32f10x_it.o(i.MemManage_Handler) for MemManage_Handler
    startup_stm32f10x_md.o(RESET) refers to stm32f10x_it.o(i.BusFault_Handler) for BusFault_Handler
    startup_stm32f10x_md.o(RESET) refers to stm32f10x_it.o(i.UsageFault_Handler) for UsageFault_Handler
    startup_stm32f10x_md.o(RESET) refers to stm32f10x_it.o(i.SVC_Handler) for SVC_Handler
    startup_stm32f10x_md.o(RESET) refers to stm32f10x_it.o(i.DebugMon_Handler) for DebugMon_Handler
    startup_stm32f10x_md.o(RESET) refers to stm32f10x_it.o(i.PendSV_Handler) for PendSV_Handler
    startup_stm32f10x_md.o(RESET) refers to com_delay.o(i.SysTick_Handler) for SysTick_Handler
    startup_stm32f10x_md.o(RESET) refers to int_buzzer.o(i.TIM3_IRQHandler) for TIM3_IRQHandler
    startup_stm32f10x_md.o(.text) refers to system_stm32f10x.o(i.SystemInit) for SystemInit
    startup_stm32f10x_md.o(.text) refers to entry.o(.ARM.Collect$$$$00000000) for __main
    system_stm32f10x.o(i.SetSysClock) refers to system_stm32f10x.o(i.SetSysClockTo72) for SetSysClockTo72
    system_stm32f10x.o(i.SystemCoreClockUpdate) refers to system_stm32f10x.o(.data) for SystemCoreClock
    system_stm32f10x.o(i.SystemInit) refers to system_stm32f10x.o(i.SetSysClock) for SetSysClock
    main_with_oled.o(i.PrintBanner) refers to app_config.o(i.Config_Get) for Config_Get
    main_with_oled.o(i.PrintBanner) refers to printfa.o(i.__0printf) for __2printf
    main_with_oled.o(i.PrintBanner) refers to system_stm32f10x.o(.data) for SystemCoreClock
    main_with_oled.o(i.main) refers to com_board.o(i.Board_Init) for Board_Init
    main_with_oled.o(i.main) refers to com_delay.o(i.Delay_Init) for Delay_Init
    main_with_oled.o(i.main) refers to com_uart.o(i.Uart_Init) for Uart_Init
    main_with_oled.o(i.main) refers to int_buzzer.o(i.Buzzer_Init) for Buzzer_Init
    main_with_oled.o(i.main) refers to int_relay.o(i.Relay_Init) for Relay_Init
    main_with_oled.o(i.main) refers to int_rs485.o(i.Rs485_Init) for Rs485_Init
    main_with_oled.o(i.main) refers to app_config.o(i.Config_Init) for Config_Init
    main_with_oled.o(i.main) refers to app_measure.o(i.Measure_Init) for Measure_Init
    main_with_oled.o(i.main) refers to app_state.o(i.State_Init) for State_Init
    main_with_oled.o(i.main) refers to app_display.o(i.Display_Init) for Display_Init
    main_with_oled.o(i.main) refers to main_with_oled.o(i.PrintBanner) for PrintBanner
    main_with_oled.o(i.main) refers to printfa.o(i.__0printf) for __2printf
    main_with_oled.o(i.main) refers to int_buzzer.o(i.Buzzer_BlockingBeep) for Buzzer_BlockingBeep
    main_with_oled.o(i.main) refers to com_delay.o(i.Delay_ms) for Delay_ms
    main_with_oled.o(i.main) refers to app_measure.o(i.Measure_ReadAll) for Measure_ReadAll
    main_with_oled.o(i.main) refers to app_measure.o(i.Measure_Judge) for Measure_Judge
    main_with_oled.o(i.main) refers to app_state.o(i.State_Update) for State_Update
    main_with_oled.o(i.main) refers to int_buzzer.o(i.Buzzer_Poll) for Buzzer_Poll
    main_with_oled.o(i.main) refers to com_delay.o(i.Delay_GetTick) for Delay_GetTick
    main_with_oled.o(i.main) refers to app_state.o(i.State_Get) for State_Get
    main_with_oled.o(i.main) refers to app_display.o(i.Display_UpdateAll) for Display_UpdateAll
    main_with_oled.o(i.main) refers to app_display.o(i.Display_Refresh) for Display_Refresh
    main_with_oled.o(i.main) refers to main_with_oled.o(.bss) for g_volt
    stm32f10x_adc.o(i.ADC_DeInit) refers to stm32f10x_rcc.o(i.RCC_APB2PeriphResetCmd) for RCC_APB2PeriphResetCmd
    stm32f10x_bkp.o(i.BKP_DeInit) refers to stm32f10x_rcc.o(i.RCC_BackupResetCmd) for RCC_BackupResetCmd
    stm32f10x_can.o(i.CAN_DeInit) refers to stm32f10x_rcc.o(i.RCC_APB1PeriphResetCmd) for RCC_APB1PeriphResetCmd
    stm32f10x_can.o(i.CAN_GetITStatus) refers to stm32f10x_can.o(i.CheckITStatus) for CheckITStatus
    stm32f10x_cec.o(i.CEC_DeInit) refers to stm32f10x_rcc.o(i.RCC_APB1PeriphResetCmd) for RCC_APB1PeriphResetCmd
    stm32f10x_dac.o(i.DAC_DeInit) refers to stm32f10x_rcc.o(i.RCC_APB1PeriphResetCmd) for RCC_APB1PeriphResetCmd
    stm32f10x_flash.o(i.FLASH_EnableWriteProtection) refers to stm32f10x_flash.o(i.FLASH_WaitForLastOperation) for FLASH_WaitForLastOperation
    stm32f10x_flash.o(i.FLASH_EraseAllBank1Pages) refers to stm32f10x_flash.o(i.FLASH_WaitForLastBank1Operation) for FLASH_WaitForLastBank1Operation
[...]
    Removing stm32f10x_usart.o(i.USART_SendBreak), (10 bytes).
    Removing stm32f10x_usart.o(i.USART_SetAddress), (18 bytes).
    Removing stm32f10x_usart.o(i.USART_SetGuardTime), (16 bytes).
    Removing stm32f10x_usart.o(i.USART_SetPrescaler), (16 bytes).
    Removing stm32f10x_usart.o(i.USART_SmartCardCmd), (24 bytes).
    Removing stm32f10x_usart.o(i.USART_SmartCardNACKCmd), (24 bytes).
    Removing stm32f10x_usart.o(i.USART_StructInit), (24 bytes).
    Removing stm32f10x_usart.o(i.USART_WakeUpConfig), (18 bytes).
    Removing stm32f10x_wwdg.o(i.WWDG_ClearFlag), (12 bytes).
    Removing stm32f10x_wwdg.o(i.WWDG_DeInit), (22 bytes).
    Removing stm32f10x_wwdg.o(i.WWDG_Enable), (16 bytes).
    Removing stm32f10x_wwdg.o(i.WWDG_EnableIT), (12 bytes).
    Removing stm32f10x_wwdg.o(i.WWDG_GetFlagStatus), (12 bytes).
    Removing stm32f10x_wwdg.o(i.WWDG_SetCounter), (16 bytes).
    Removing stm32f10x_wwdg.o(i.WWDG_SetPrescaler), (24 bytes).
    Removing stm32f10x_wwdg.o(i.WWDG_SetWindowValue), (40 bytes).
    Removing int_adc.o(i.Adc_RawToVolt), (36 bytes).
    Removing int_adc.o(i.Adc_ReadNet0Volt), (14 bytes).
    Removing int_adc.o(i.Adc_ReadNet1Volt), (14 bytes).
    Removing int_rs485.o(i.Rs485_SendString), (22 bytes).
    Removing int_font_cn.o(i.FontCN_GetData), (56 bytes).
    Removing int_font_cn.o(.constdata), (2560 bytes).
    Removing int_font_cn.o(.conststring), (256 bytes).
    Removing int_key.o(i.Key_GetEvent), (16 bytes).
    Removing int_key.o(i.Key_Init), (108 bytes).
    Removing int_key.o(i.Key_PostEvent), (12 bytes).
    Removing int_key.o(i.Key_ReadPin), (88 bytes).
    Removing int_key.o(i.Key_Scan), (36 bytes).
    Removing int_key.o(i.Key_ScanOne), (244 bytes).
    Removing int_key.o(.bss), (24 bytes).
    Removing int_key.o(.data), (1 bytes).
    Removing int_oled.o(i.Oled_DisplayOff), (10 bytes).
    Removing int_oled.o(i.Oled_DisplayOn), (10 bytes).
    Removing int_oled.o(i.Oled_DrawPixel), (96 bytes).
    Removing int_oled.o(i.Oled_ShowChinese), (168 bytes).
    Removing int_oled.o(i.Oled_ShowNum), (140 bytes).
    Removing int_oled.o(i.Oled_ShowVoltage), (308 bytes).
    Removing int_sgm58031.o(i.I2C2_WaitEvent), (40 bytes).
    Removing int_sgm58031.o(i.Sgm58031_AdcToMv), (68 bytes).
    Removing int_sgm58031.o(i.Sgm58031_Init), (124 bytes).
    Removing int_sgm58031.o(i.Sgm58031_ReadDiff), (62 bytes).
    Removing int_sgm58031.o(i.Sgm58031_ReadReg), (208 bytes).
    Removing int_sgm58031.o(i.Sgm58031_WriteReg), (140 bytes).
    Removing com_uart.o(i.Uart_SendString), (22 bytes).
    Removing app_measure.o(i.Measure_GetL), (12 bytes).
    Removing app_measure.o(i.Measure_GetR), (12 bytes).
    Removing app_measure.o(i.Measure_PrintResult), (440 bytes).
    Removing app_measure.o(i.Measure_PrintVolt), (748 bytes).
    Removing app_measure.o(.conststring), (74 bytes).
    Removing app_config.o(i.Config_RestoreDefault), (104 bytes).
    Removing app_config.o(i.Config_Save), (260 bytes).
    Removing app_config.o(i.Config_SetBuzzerEnable), (20 bytes).
    Removing app_config.o(i.Config_SetCableParam), (120 bytes).
    Removing app_config.o(i.Config_SetDebounceCount), (20 bytes).
    Removing app_config.o(i.Config_SetRelayEnable), (20 bytes).
    Removing app_config.o(i.Config_SetSamplingInterval), (20 bytes).
    Removing app_config.o(i.Config_SetThreshold), (52 bytes).
    Removing app_state.o(i.State_Poll), (60 bytes).
    Removing app_menu.o(i.Menu_AddHistory), (104 bytes).
    Removing app_menu.o(i.Menu_Display), (84 bytes).
    Removing app_menu.o(i.Menu_DisplayEditParam), (460 bytes).
    Removing app_menu.o(i.Menu_DisplayHistory), (264 bytes).
    Removing app_menu.o(i.Menu_DisplayMain), (184 bytes).
    Removing app_menu.o(i.Menu_DisplaySystemSet), (432 bytes).
    Removing app_menu.o(i.Menu_DisplayViewParam), (160 bytes).
    Removing app_menu.o(i.Menu_GetDebounceCnt), (12 bytes).
    Removing app_menu.o(i.Menu_GetSamplingInterval), (12 bytes).
    Removing app_menu.o(i.Menu_GetState), (12 bytes).
    Removing app_menu.o(i.Menu_Init), (68 bytes).
    Removing app_menu.o(i.Menu_IsMonitoring), (20 bytes).
    Removing app_menu.o(i.Menu_Process), (128 bytes).
    Removing app_menu.o(i.Menu_ProcessEditParam), (568 bytes).
    Removing app_menu.o(i.Menu_ProcessHistory), (152 bytes).
    Removing app_menu.o(i.Menu_ProcessMain), (284 bytes).
    Removing app_menu.o(i.Menu_ProcessSystemSet), (516 bytes).
    Removing app_menu.o(i.Menu_ProcessViewParam), (40 bytes).
    Removing app_menu.o(i.Menu_ShowOption), (64 bytes).
    Removing app_menu.o(i.Menu_ShowTitle), (52 bytes).
    Removing app_menu.o(.bss), (280 bytes).
    Removing app_menu.o(.data), (31 bytes).
    Removing ffltui.o(.text), (10 bytes).
    Removing f2d.o(.text), (38 bytes).

511 unused section(s) (total 28920 bytes) removed from the image.

==============================================================================

Image Symbol Table

    Local Symbols

    Symbol Name                              Value     Ov Type        Size  Object(Section)

    ../clib/microlib/division.c              0x00000000   Number         0  uldiv.o ABSOLUTE
    ../clib/microlib/division.c              0x00000000   Number         0  uidiv.o ABSOLUTE
    ../clib/microlib/init/entry.s            0x00000000   Number         0  entry9a.o ABSOLUTE
    ../clib/microlib/init/entry.s            0x00000000   Number         0  entry9b.o ABSOLUTE
    ../clib/microlib/init/entry.s            0x00000000   Number         0  entry10b.o ABSOLUTE
    ../clib/microlib/init/entry.s            0x00000000   Number         0  entry11a.o ABSOLUTE
    ../clib/microlib/init/entry.s            0x00000000   Number         0  entry12b.o ABSOLUTE
    ../clib/microlib/init/entry.s            0x00000000   Number         0  entry8b.o ABSOLUTE
    ../clib/microlib/init/entry.s            0x00000000   Number         0  entry8a.o ABSOLUTE
    ../clib/microlib/init/entry.s            0x00000000   Number         0  entry11b.o ABSOLUTE
    ../clib/microlib/init/entry.s            0x00000000   Number         0  entry7b.o ABSOLUTE
    ../clib/microlib/init/entry.s            0x00000000   Number         0  entry7a.o ABSOLUTE
    ../clib/microlib/init/entry.s            0x00000000   Number         0  entry12a.o ABSOLUTE
    ../clib/microlib/init/entry.s            0x00000000   Number         0  entry.o ABSOLUTE
    ../clib/microlib/init/entry.s            0x00000000   Number         0  entry5.o ABSOLUTE
    ../clib/microlib/init/entry.s            0x00000000   Number         0  entry2.o ABSOLUTE
    ../clib/microlib/init/entry.s            0x00000000   Number         0  entry10a.o ABSOLUTE
    ../clib/microlib/longlong.c              0x00000000   Number         0  llsshr.o ABSOLUTE
    ../clib/microlib/longlong.c              0x00000000   Number         0  llushr.o ABSOLUTE
    ../clib/microlib/longlong.c              0x00000000   Number         0  llshl.o ABSOLUTE
    ../clib/microlib/printf/printf.c         0x00000000   Number         0  printfb.o ABSOLUTE
    ../clib/microlib/printf/printf.c         0x00000000   Number         0  printf0.o ABSOLUTE
    ../clib/microlib/printf/printf.c         0x00000000   Number         0  printf1.o ABSOLUTE
    ../clib/microlib/printf/printf.c         0x00000000   Number         0  printf2.o ABSOLUTE
    ../clib/microlib/printf/printf.c         0x00000000   Number         0  printf5.o ABSOLUTE
    ../clib/microlib/printf/printf.c         0x00000000   Number         0  printf4.o ABSOLUTE
    ../clib/microlib/printf/printf.c         0x00000000   Number         0  printf6.o ABSOLUTE
    ../clib/microlib/printf/printf.c         0x00000000   Number         0  printf7.o ABSOLUTE
    ../clib/microlib/printf/printf.c         0x00000000   Number         0  printf8.o ABSOLUTE
    ../clib/microlib/printf/printf.c         0x00000000   Number         0  printfa.o ABSOLUTE
    ../clib/microlib/printf/printf.c         0x00000000   Number         0  printf3.o ABSOLUTE
    ../clib/microlib/printf/stubs.s          0x00000000   Number         0  stubs.o ABSOLUTE
    ../clib/microlib/stdio/streams.c         0x00000000   Number         0  stdout.o ABSOLUTE
    ../clib/microlib/string/memcmp.c         0x00000000   Number         0  memcmp.o ABSOLUTE
    ../clib/microlib/string/memcpy.c         0x00000000   Number         0  memcpyb.o ABSOLUTE
    ../clib/microlib/string/memcpy.c         0x00000000   Number         0  memcpya.o ABSOLUTE
    ../clib/microlib/string/memset.c         0x00000000   Number         0  memseta.o ABSOLUTE
    ../clib/microlib/string/strncpy.c        0x00000000   Number         0  strncpy.o ABSOLUTE
    ../clib/microlib/stubs.s                 0x00000000   Number         0  iusefp.o ABSOLUTE
    ../fplib/microlib/f2d.c                  0x00000000   Number         0  f2d.o ABSOLUTE
    ../fplib/microlib/fpadd.c                0x00000000   Number         0  dadd.o ABSOLUTE
    ../fplib/microlib/fpadd.c                0x00000000   Number         0  fadd.o ABSOLUTE
    ../fplib/microlib/fpdiv.c                0x00000000   Number         0  ddiv.o ABSOLUTE
    ../fplib/microlib/fpdiv.c                0x00000000   Number         0  fdiv.o ABSOLUTE
    ../fplib/microlib/fpepilogue.c           0x00000000   Number         0  depilogue.o ABSOLUTE
    ../fplib/microlib/fpepilogue.c           0x00000000   Number         0  fepilogue.o ABSOLUTE
    ../fplib/microlib/fpfix.c                0x00000000   Number         0  dfixul.o ABSOLUTE
    ../fplib/microlib/fpfix.c                0x00000000   Number         0  ffixi.o ABSOLUTE
    ../fplib/microlib/fpflt.c                0x00000000   Number         0  fflti.o ABSOLUTE
    ../fplib/microlib/fpflt.c                0x00000000   Number         0  ffltui.o ABSOLUTE
    ../fplib/microlib/fpmul.c                0x00000000   Number         0  dmul.o ABSOLUTE
    ../fplib/microlib/fpmul.c                0x00000000   Number         0  fmul.o ABSOLUTE
    App\App_Config.c                         0x00000000   Number         0  app_config.o ABSOLUTE
    App\App_Display.c                        0x00000000   Number         0  app_display.o ABSOLUTE
    App\App_Measure.c                        0x00000000   Number         0  app_measure.o ABSOLUTE
    App\App_Menu.c                           0x00000000   Number         0  app_menu.o ABSOLUTE
    App\App_State.c                          0x00000000   Number         0  app_state.o ABSOLUTE
    Com\Com_Board.c                          0x00000000   Number         0  com_board.o ABSOLUTE
    Com\Com_Delay.c                          0x00000000   Number         0  com_delay.o ABSOLUTE
    Com\Com_Uart.c                           0x00000000   Number         0  com_uart.o ABSOLUTE
    Int\Int_Adc.c                            0x00000000   Number         0  int_adc.o ABSOLUTE
    Int\Int_Buzzer.c                         0x00000000   Number         0  int_buzzer.o ABSOLUTE
    Int\Int_Font_CN.c                        0x00000000   Number         0  int_font_cn.o ABSOLUTE
    Int\Int_Key.c                            0x00000000   Number         0  int_key.o ABSOLUTE
    Int\Int_Oled.c                           0x00000000   Number         0  int_oled.o ABSOLUTE
    Int\Int_Relay.c                          0x00000000   Number         0  int_relay.o ABSOLUTE
    Int\Int_Rs485.c                          0x00000000   Number         0  int_rs485.o ABSOLUTE
    Int\Int_Sgm58031.c                       0x00000000   Number         0  int_sgm58031.o ABSOLUTE
    Int\Int_Wire.c                           0x00000000   Number         0  int_wire.o ABSOLUTE
    Library\misc.c                           0x00000000   Number         0  misc.o ABSOLUTE
    Library\stm32f10x_adc.c                  0x00000000   Number         0  stm32f10x_adc.o ABSOLUTE
    Library\stm32f10x_bkp.c                  0x00000000   Number         0  stm32f10x_bkp.o ABSOLUTE
    Library\stm32f10x_can.c                  0x00000000   Number         0  stm32f10x_can.o ABSOLUTE
    Library\stm32f10x_cec.c                  0x00000000   Number         0  stm32f10x_cec.o ABSOLUTE
    Library\stm32f10x_crc.c                  0x00000000   Number         0  stm32f10x_crc.o ABSOLUTE
    Library\stm32f10x_dac.c                  0x00000000   Number         0  stm32f10x_dac.o ABSOLUTE
    Library\stm32f10x_dbgmcu.c               0x00000000   Number         0  stm32f10x_dbgmcu.o ABSOLUTE
    Library\stm32f10x_dma.c                  0x00000000   Number         0  stm32f10x_dma.o ABSOLUTE
    Library\stm32f10x_exti.c                 0x00000000   Number         0  stm32f10x_exti.o ABSOLUTE
    Library\stm32f10x_flash.c                0x00000000   Number         0  stm32f10x_flash.o ABSOLUTE
    Library\stm32f10x_fsmc.c                 0x00000000   Number         0  stm32f10x_fsmc.o ABSOLUTE
    Library\stm32f10x_gpio.c                 0x00000000   Number         0  stm32f10x_gpio.o ABSOLUTE
    Library\stm32f10x_i2c.c                  0x00000000   Number         0  stm32f10x_i2c.o ABSOLUTE
    Library\stm32f10x_iwdg.c                 0x00000000   Number         0  stm32f10x_iwdg.o ABSOLUTE
    Library\stm32f10x_pwr.c                  0x00000000   Number         0  stm32f10x_pwr.o ABSOLUTE
    Library\stm32f10x_rcc.c                  0x00000000   Number         0  stm32f10x_rcc.o ABSOLUTE
    Library\stm32f10x_rtc.c                  0x00000000   Number         0  stm32f10x_rtc.o ABSOLUTE
    Library\stm32f10x_sdio.c                 0x00000000   Number         0  stm32f10x_sdio.o ABSOLUTE
    Library\stm32f10x_spi.c                  0x00000000   Number         0  stm32f10x_spi.o ABSOLUTE
    Library\stm32f10x_tim.c                  0x00000000   Number         0  stm32f10x_tim.o ABSOLUTE
    Library\stm32f10x_usart.c                0x00000000   Number         0  stm32f10x_usart.o ABSOLUTE
    Library\stm32f10x_wwdg.c                 0x00000000   Number         0  stm32f10x_wwdg.o ABSOLUTE
    Start\\core_cm3.c                        0x00000000   Number         0  core_cm3.o ABSOLUTE
    Start\core_cm3.c                         0x00000000   Number         0  core_cm3.o ABSOLUTE
    Start\startup_stm32f10x_md.s             0x00000000   Number         0  startup_stm32f10x_md.o ABSOLUTE
    Start\system_stm32f10x.c                 0x00000000   Number         0  system_stm32f10x.o ABSOLUTE
    User\main_with_oled.c                    0x00000000   Number         0  main_with_oled.o ABSOLUTE
    User\stm32f10x_it.c                      0x00000000   Number         0  stm32f10x_it.o ABSOLUTE
    cdrcmple.s                               0x00000000   Number         0  cdrcmple.o ABSOLUTE
    cfcmple.s                                0x00000000   Number         0  cfcmple.o ABSOLUTE
    cfrcmple.s                               0x00000000   Number         0  cfrcmple.o ABSOLUTE
    dc.s                                     0x00000000   Number         0  dc.o ABSOLUTE
    handlers.s                               0x00000000   Number         0  handlers.o ABSOLUTE
    init.s                                   0x00000000   Number         0  init.o ABSOLUTE
    RESET                                    0x08000000   Section      236  startup_stm32f10x_md.o(RESET)
    .ARM.Collect$$$$00000000                 0x080000ec   Section        0  entry.o(.ARM.Collect$$$$00000000)
    .ARM.Collect$$$$00000001                 0x080000ec   Section        4  entry2.o(.ARM.Collect$$$$00000001)
    .ARM.Collect$$$$00000004                 0x080000f0   Section        4  entry5.o(.ARM.Collect$$$$00000004)
    .ARM.Collect$$$$00000008                 0x080000f4   Section        0  entry7b.o(.ARM.Collect$$$$00000008)
    .ARM.Collect$$$$0000000A                 0x080000f4   Section        0  entry8b.o(.ARM.Collect$$$$0000000A)
    .ARM.Collect$$$$0000000B                 0x080000f4   Section        8  entry9a.o(.ARM.Collect$$$$0000000B)
    .ARM.Collect$$$$0000000E                 0x080000fc   Section        4  entry12b.o(.ARM.Collect$$$$0000000E)
    .ARM.Collect$$$$0000000F                 0x08000100   Section        0  entry10a.o(.ARM.Collect$$$$0000000F)
    .ARM.Collect$$$$00000011                 0x08000100   Section        0  entry11a.o(.ARM.Collect$$$$00000011)
    .ARM.Collect$$$$00002712                 0x08000100   Section        4  entry2.o(.ARM.Collect$$$$00002712)
    __lit__00000000                          0x08000100   Data           4  entry2.o(.ARM.Collect$$$$00002712)
    .text                                    0x08000104   Section       36  startup_stm32f10x_md.o(.text)
    .text                                    0x08000128   Section        0  memcpya.o(.text)
    .text                                    0x0800014c   Section        0  memseta.o(.text)
    .text                                    0x08000170   Section        0  fadd.o(.text)
    .text                                    0x08000220   Section        0  fmul.o(.text)
    .text                                    0x08000284   Section        0  fdiv.o(.text)
    .text                                    0x08000300   Section        0  fflti.o(.text)
    .text                                    0x08000312   Section        0  ffixi.o(.text)
    .text                                    0x08000344   Section       20  cfcmple.o(.text)
    .text                                    0x08000358   Section       20  cfrcmple.o(.text)
    .text                                    0x0800036c   Section        0  uidiv.o(.text)
    .text                                    0x08000398   Section        0  uldiv.o(.text)
    .text                                    0x080003fa   Section        0  iusefp.o(.text)
    .text                                    0x080003fa   Section        0  fepilogue.o(.text)
    .text                                    0x08000468   Section        0  dadd.o(.text)
    .text                                    0x080005b6   Section        0  dmul.o(.text)
    .text                                    0x0800069a   Section        0  ddiv.o(.text)
    .text                                    0x08000778   Section        0  dfixul.o(.text)
    .text                                    0x080007a8   Section       48  cdrcmple.o(.text)
    .text                                    0x080007d8   Section       36  init.o(.text)
    .text                                    0x080007fc   Section        0  llshl.o(.text)
    .text                                    0x0800081a   Section        0  llushr.o(.text)
    .text                                    0x0800083a   Section        0  llsshr.o(.text)
    .text                                    0x0800085e   Section        0  depilogue.o(.text)
    i.ADC_Cmd                                0x08000918   Section        0  stm32f10x_adc.o(i.ADC_Cmd)
    i.ADC_GetCalibrationStatus               0x0800092e   Section        0  stm32f10x_adc.o(i.ADC_GetCalibrationStatus)
    i.ADC_GetConversionValue                 0x08000942   Section        0  stm32f10x_adc.o(i.ADC_GetConversionValue)
    i.ADC_GetFlagStatus                      0x0800094a   Section        0  stm32f10x_adc.o(i.ADC_GetFlagStatus)
    i.ADC_GetResetCalibrationStatus          0x0800095c   Section        0  stm32f10x_adc.o(i.ADC_GetResetCalibrationStatus)
    i.ADC_Init                               0x08000970   Section        0  stm32f10x_adc.o(i.ADC_Init)
    i.ADC_RegularChannelConfig               0x080009c0   Section        0  stm32f10x_adc.o(i.ADC_RegularChannelConfig)
    i.ADC_ResetCalibration                   0x08000a78   Section        0  stm32f10x_adc.o(i.ADC_ResetCalibration)
    i.ADC_SoftwareStartConvCmd               0x08000a82   Section        0  stm32f10x_adc.o(i.ADC_SoftwareStartConvCmd)
    i.ADC_StartCalibration                   0x08000a98   Section        0  stm32f10x_adc.o(i.ADC_StartCalibration)
    i.Adc_Init                               0x08000aa4   Section        0  int_adc.o(i.Adc_Init)
    i.Adc_RawToMillivolt                     0x08000b2c   Section        0  app_measure.o(i.Adc_RawToMillivolt)
    Adc_RawToMillivolt                       0x08000b2d   Thumb Code    26  app_measure.o(i.Adc_RawToMillivolt)
    i.Adc_ReadFiltered                       0x08000b46   Section        0  int_adc.o(i.Adc_ReadFiltered)
    Adc_ReadFiltered                         0x08000b47   Thumb Code    70  int_adc.o(i.Adc_ReadFiltered)
    i.Adc_ReadNet0                           0x08000b8c   Section        0  int_adc.o(i.Adc_ReadNet0)
    i.Adc_ReadNet1                           0x08000b96   Section        0  int_adc.o(i.Adc_ReadNet1)
    i.Adc_ReadOnce                           0x08000ba0   Section        0  int_adc.o(i.Adc_ReadOnce)
    Adc_ReadOnce                             0x08000ba1   Thumb Code    46  int_adc.o(i.Adc_ReadOnce)
    i.Board_Init                             0x08000bd4   Section        0  com_board.o(i.Board_Init)
    i.BusFault_Handler                       0x08000bf4   Section        0  stm32f10x_it.o(i.BusFault_Handler)
    i.Buzzer_BlockingBeep                    0x08000bf8   Section        0  int_buzzer.o(i.Buzzer_BlockingBeep)
    i.Buzzer_Init                            0x08000c20   Section        0  int_buzzer.o(i.Buzzer_Init)
    i.Buzzer_Poll                            0x08000cd4   Section        0  int_buzzer.o(i.Buzzer_Poll)
    i.Buzzer_SetPattern                      0x08000d8c   Section        0  int_buzzer.o(i.Buzzer_SetPattern)
    i.Buzzer_Start                           0x08000dc8   Section        0  int_buzzer.o(i.Buzzer_Start)
    i.Buzzer_Stop                            0x08000e00   Section        0  int_buzzer.o(i.Buzzer_Stop)
    i.Config_CalcCrc16                       0x08000e34   Section        0  app_config.o(i.Config_CalcCrc16)
    Config_CalcCrc16                         0x08000e35   Thumb Code    76  app_config.o(i.Config_CalcCrc16)
    i.Config_Get                             0x08000e80   Section        0  app_config.o(i.Config_Get)
    i.Config_Init                            0x08000e88   Section        0  app_config.o(i.Config_Init)
    i.Config_Load                            0x08000f04   Section        0  app_config.o(i.Config_Load)
    i.Config_SetDefault                      0x08000fc4   Section        0  app_config.o(i.Config_SetDefault)
    Config_SetDefault                        0x08000fc5   Thumb Code    64  app_config.o(i.Config_SetDefault)
    i.Config_Validate                        0x08001008   Section        0  app_config.o(i.Config_Validate)
    Config_Validate                          0x08001009   Thumb Code   166  app_config.o(i.Config_Validate)
    i.DebugMon_Handler                       0x080010b4   Section        0  stm32f10x_it.o(i.DebugMon_Handler)
    i.Delay_GetTick                          0x080010b8   Section        0  com_delay.o(i.Delay_GetTick)
    i.Delay_Init                             0x080010c4   Section        0  com_delay.o(i.Delay_Init)
    i.Delay_IsTimeout                        0x0800113c   Section        0  com_delay.o(i.Delay_IsTimeout)
    i.Delay_ms                               0x08001154   Section        0  com_delay.o(i.Delay_ms)
    i.Delay_us                               0x0800118c   Section        0  com_delay.o(i.Delay_us)
    i.Display_Init                           0x080011a8   Section        0  app_display.o(i.Display_Init)
    i.Display_Refresh                        0x080011e4   Section        0  app_display.o(i.Display_Refresh)
    i.Display_ShowPosition                   0x080011ec   Section        0  app_display.o(i.Display_ShowPosition)
    i.Display_ShowStatus                     0x08001290   Section        0  app_display.o(i.Display_ShowStatus)
    i.Display_ShowVoltages                   0x08001328   Section        0  app_display.o(i.Display_ShowVoltages)
    i.Display_UpdateAll                      0x08001438   Section        0  app_display.o(i.Display_UpdateAll)
    i.EnterBreakAlarm                        0x0800153c   Section        0  app_state.o(i.EnterBreakAlarm)
    EnterBreakAlarm                          0x0800153d   Thumb Code    44  app_state.o(i.EnterBreakAlarm)
    i.EnterLeakAlarm                         0x08001594   Section        0  app_state.o(i.EnterLeakAlarm)
    EnterLeakAlarm                           0x08001595   Thumb Code    64  app_state.o(i.EnterLeakAlarm)
    i.EnterNormal                            0x08001604   Section        0  app_state.o(i.EnterNormal)
    EnterNormal                              0x08001605   Thumb Code    36  app_state.o(i.EnterNormal)
    i.FmtMv                                  0x08001658   Section        0  app_display.o(i.FmtMv)
    FmtMv                                    0x08001659   Thumb Code    76  app_display.o(i.FmtMv)
    i.GPIO_Init                              0x080016b8   Section        0  stm32f10x_gpio.o(i.GPIO_Init)
    i.GPIO_PinRemapConfig                    0x080017d0   Section        0  stm32f10x_gpio.o(i.GPIO_PinRemapConfig)
    i.GPIO_ReadOutputDataBit                 0x08001860   Section        0  stm32f10x_gpio.o(i.GPIO_ReadOutputDataBit)
    i.GPIO_ResetBits                         0x08001872   Section        0  stm32f10x_gpio.o(i.GPIO_ResetBits)
    i.GPIO_SetBits                           0x08001876   Section        0  stm32f10x_gpio.o(i.GPIO_SetBits)
    i.GPIO_WriteBit                          0x0800187a   Section        0  stm32f10x_gpio.o(i.GPIO_WriteBit)
    i.HardFault_Handler                      0x08001884   Section        0  stm32f10x_it.o(i.HardFault_Handler)
    i.I2C_Delay                              0x08001888   Section        0  int_oled.o(i.I2C_Delay)
    I2C_Delay                                0x08001889   Thumb Code    16  int_oled.o(i.I2C_Delay)
    i.I2C_Start                              0x08001898   Section        0  int_oled.o(i.I2C_Start)
    I2C_Start                                0x08001899   Thumb Code    44  int_oled.o(i.I2C_Start)
    i.I2C_Stop                               0x080018c8   Section        0  int_oled.o(i.I2C_Stop)
    I2C_Stop                                 0x080018c9   Thumb Code    36  int_oled.o(i.I2C_Stop)
    i.I2C_WriteByte                          0x080018f0   Section        0  int_oled.o(i.I2C_WriteByte)
    I2C_WriteByte                            0x080018f1   Thumb Code   102  int_oled.o(i.I2C_WriteByte)
    i.Meas_Abs                               0x0800195c   Section        0  app_measure.o(i.Meas_Abs)
    Meas_Abs                                 0x0800195d   Thumb Code    14  app_measure.o(i.Meas_Abs)
    i.Meas_ReadNet0Mv                        0x0800196a   Section        0  app_measure.o(i.Meas_ReadNet0Mv)
    Meas_ReadNet0Mv                          0x0800196b   Thumb Code    14  app_measure.o(i.Meas_ReadNet0Mv)
    i.Meas_ReadNet1Mv                        0x08001978   Section        0  app_measure.o(i.Meas_ReadNet1Mv)
    Meas_ReadNet1Mv                          0x08001979   Thumb Code    14  app_measure.o(i.Meas_ReadNet1Mv)
    i.Measure_CalcL1                         0x08001988   Section        0  app_measure.o(i.Measure_CalcL1)
    i.Measure_CheckBreak                     0x08001ae0   Section        0  app_measure.o(i.Measure_CheckBreak)
    i.Measure_CheckLeak                      0x08001b20   Section        0  app_measure.o(i.Measure_CheckLeak)
    i.Measure_Init                           0x08001b3e   Section        0  app_measure.o(i.Measure_Init)
    i.Measure_Judge                          0x08001b4c   Section        0  app_measure.o(i.Measure_Judge)
    i.Measure_ReadAll                        0x08001bd0   Section        0  app_measure.o(i.Measure_ReadAll)
    i.Measure_ReadBreak                      0x08001bf2   Section        0  app_measure.o(i.Measure_ReadBreak)
    i.Measure_ReadLeak                       0x08001c36   Section        0  app_measure.o(i.Measure_ReadLeak)
    i.Measure_ReadLocate                     0x08001c5c   Section        0  app_measure.o(i.Measure_ReadLocate)
    i.Measure_SetCableParam                  0x08001cb0   Section        0  app_measure.o(i.Measure_SetCableParam)
    i.MemManage_Handler                      0x08001cdc   Section        0  stm32f10x_it.o(i.MemManage_Handler)
    i.NMI_Handler                            0x08001ce0   Section        0  stm32f10x_it.o(i.NMI_Handler)
    i.NVIC_Init                              0x08001ce4   Section        0  misc.o(i.NVIC_Init)
    i.Oled_Clear                             0x08001d54   Section        0  int_oled.o(i.Oled_Clear)
    i.Oled_Init                              0x08001d68   Section        0  int_oled.o(i.Oled_Init)
    i.Oled_Refresh                           0x08001e58   Section        0  int_oled.o(i.Oled_Refresh)
    i.Oled_ShowChar                          0x08001e9c   Section        0  int_oled.o(i.Oled_ShowChar)
    i.Oled_ShowString                        0x08001f20   Section        0  int_oled.o(i.Oled_ShowString)
    i.Oled_WriteCmd                          0x08001f4a   Section        0  int_oled.o(i.Oled_WriteCmd)
    Oled_WriteCmd                            0x08001f4b   Thumb Code    32  int_oled.o(i.Oled_WriteCmd)
    i.Oled_WriteData                         0x08001f6a   Section        0  int_oled.o(i.Oled_WriteData)
    Oled_WriteData                           0x08001f6b   Thumb Code    32  int_oled.o(i.Oled_WriteData)
    i.PendSV_Handler                         0x08001f8a   Section        0  stm32f10x_it.o(i.PendSV_Handler)
    i.PrintBanner                            0x08001f8c   Section        0  main_with_oled.o(i.PrintBanner)
    PrintBanner                              0x08001f8d   Thumb Code   180  main_with_oled.o(i.PrintBanner)
    i.RCC_ADCCLKConfig                       0x080021c0   Section        0  stm32f10x_rcc.o(i.RCC_ADCCLKConfig)
    i.RCC_APB1PeriphClockCmd                 0x080021d8   Section        0  stm32f10x_rcc.o(i.RCC_APB1PeriphClockCmd)
    i.RCC_APB2PeriphClockCmd                 0x080021f8   Section        0  stm32f10x_rcc.o(i.RCC_APB2PeriphClockCmd)
    i.RCC_GetClocksFreq                      0x08002218   Section        0  stm32f10x_rcc.o(i.RCC_GetClocksFreq)
    i.Relay_Init                             0x080022ec   Section        0  int_relay.o(i.Relay_Init)
    i.Relay_Off                              0x08002324   Section        0  int_relay.o(i.Relay_Off)
    i.Relay_On                               0x08002338   Section        0  int_relay.o(i.Relay_On)
    i.Rs485_Init                             0x0800234c   Section        0  int_rs485.o(i.Rs485_Init)
    i.Rs485_SendByte                         0x080023cc   Section        0  int_rs485.o(i.Rs485_SendByte)
    i.Rs485_SendData                         0x080023ec   Section        0  int_rs485.o(i.Rs485_SendData)
    i.SVC_Handler                            0x08002406   Section        0  stm32f10x_it.o(i.SVC_Handler)
    i.SendLeakPosFrame                       0x08002408   Section        0  app_state.o(i.SendLeakPosFrame)
    SendLeakPosFrame                         0x08002409   Thumb Code    58  app_state.o(i.SendLeakPosFrame)
    i.SendStatusFrame                        0x08002468   Section        0  app_state.o(i.SendStatusFrame)
    SendStatusFrame                          0x08002469   Thumb Code    62  app_state.o(i.SendStatusFrame)
    i.SetSysClock                            0x080024dc   Section        0  system_stm32f10x.o(i.SetSysClock)
    SetSysClock                              0x080024dd   Thumb Code     8  system_stm32f10x.o(i.SetSysClock)
    i.SetSysClockTo72                        0x080024e4   Section        0  system_stm32f10x.o(i.SetSysClockTo72)
    SetSysClockTo72                          0x080024e5   Thumb Code   214  system_stm32f10x.o(i.SetSysClockTo72)
    i.State_Get                              0x080025c4   Section        0  app_state.o(i.State_Get)
    i.State_Init                             0x080025d0   Section        0  app_state.o(i.State_Init)
    i.State_Update                           0x08002604   Section        0  app_state.o(i.State_Update)
    i.SysTick_Handler                        0x08002760   Section        0  com_delay.o(i.SysTick_Handler)
    i.SystemInit                             0x08002778   Section        0  system_stm32f10x.o(i.SystemInit)
    i.TIM3_IRQHandler                        0x080027d8   Section        0  int_buzzer.o(i.TIM3_IRQHandler)
    i.TIM_ClearITPendingBit                  0x08002818   Section        0  stm32f10x_tim.o(i.TIM_ClearITPendingBit)
    i.TIM_Cmd                                0x0800281e   Section        0  stm32f10x_tim.o(i.TIM_Cmd)
    i.TIM_GetITStatus                        0x08002836   Section        0  stm32f10x_tim.o(i.TIM_GetITStatus)
    i.TIM_ITConfig                           0x08002858   Section        0  stm32f10x_tim.o(i.TIM_ITConfig)
    i.TIM_TimeBaseInit                       0x0800286c   Section        0  stm32f10x_tim.o(i.TIM_TimeBaseInit)
    i.USART_Cmd                              0x08002910   Section        0  stm32f10x_usart.o(i.USART_Cmd)
    i.USART_GetFlagStatus                    0x08002928   Section        0  stm32f10x_usart.o(i.USART_GetFlagStatus)
    i.USART_Init                             0x08002944   Section        0  stm32f10x_usart.o(i.USART_Init)
    i.USART_SendData                         0x08002a1c   Section        0  stm32f10x_usart.o(i.USART_SendData)
    i.Uart_Init                              0x08002a24   Section        0  com_uart.o(i.Uart_Init)
    i.Uart_SendByte                          0x08002aa4   Section        0  com_uart.o(i.Uart_SendByte)
    i.UsageFault_Handler                     0x08002ac4   Section        0  stm32f10x_it.o(i.UsageFault_Handler)
    i.Wire_AllOff                            0x08002ac8   Section        0  int_wire.o(i.Wire_AllOff)
    i.Wire_Apply                             0x08002ad8   Section        0  int_wire.o(i.Wire_Apply)
    i.Wire_Init                              0x08002b08   Section        0  int_wire.o(i.Wire_Init)
    i.Wire_SelectPath                        0x08002b50   Section        0  int_wire.o(i.Wire_SelectPath)
    i.Wire_SetBlackToR9                      0x08002b74   Section        0  int_wire.o(i.Wire_SetBlackToR9)
    i.Wire_SetGreenToR9                      0x08002b90   Section        0  int_wire.o(i.Wire_SetGreenToR9)
    i.Wire_SetRedPower                       0x08002bb0   Section        0  int_wire.o(i.Wire_SetRedPower)
    i.Wire_SetSwitches                       0x08002bcc   Section        0  int_wire.o(i.Wire_SetSwitches)
    i.Wire_SetYellowPower                    0x08002bf4   Section        0  int_wire.o(i.Wire_SetYellowPower)
    i.__0printf                              0x08002c10   Section        0  printfa.o(i.__0printf)
    i.__0snprintf                            0x08002c30   Section        0  printfa.o(i.__0snprintf)
    i.__scatterload_copy                     0x08002c64   Section       14  handlers.o(i.__scatterload_copy)
    i.__scatterload_null                     0x08002c72   Section        2  handlers.o(i.__scatterload_null)
    i.__scatterload_zeroinit                 0x08002c74   Section       14  handlers.o(i.__scatterload_zeroinit)
    i._fp_digits                             0x08002c84   Section        0  printfa.o(i._fp_digits)
    _fp_digits                               0x08002c85   Thumb Code   366  printfa.o(i._fp_digits)
    i._printf_core                           0x08002e08   Section        0  printfa.o(i._printf_core)
    _printf_core                             0x08002e09   Thumb Code  1704  printfa.o(i._printf_core)
    i._printf_post_padding                   0x080034bc   Section        0  printfa.o(i._printf_post_padding)
    _printf_post_padding                     0x080034bd   Thumb Code    36  printfa.o(i._printf_post_padding)
    i._printf_pre_padding                    0x080034e0   Section        0  printfa.o(i._printf_pre_padding)
    _printf_pre_padding                      0x080034e1   Thumb Code    46  printfa.o(i._printf_pre_padding)
    i._snputc                                0x0800350e   Section        0  printfa.o(i._snputc)
    _snputc                                  0x0800350f   Thumb Code    22  printfa.o(i._snputc)
    i.fputc                                  0x08003524   Section        0  com_uart.o(i.fputc)
    i.main                                   0x08003534   Section        0  main_with_oled.o(i.main)
    .constdata                               0x080036f0   Section       20  int_buzzer.o(.constdata)
    s_beat                                   0x080036f0   Data          20  int_buzzer.o(.constdata)
    .constdata                               0x08003704   Section     1520  int_oled.o(.constdata)
    s_font8x16                               0x08003704   Data        1520  int_oled.o(.constdata)
    .data                                    0x20000000   Section       20  system_stm32f10x.o(.data)
    .data                                    0x20000014   Section       20  stm32f10x_rcc.o(.data)
    APBAHBPrescTable                         0x20000014   Data          16  stm32f10x_rcc.o(.data)
    ADCPrescTable                            0x20000024   Data           4  stm32f10x_rcc.o(.data)
    .data                                    0x20000028   Section        9  int_buzzer.o(.data)
    s_pattern                                0x20000028   Data           1  int_buzzer.o(.data)
    s_sounding                               0x20000029   Data           1  int_buzzer.o(.data)
    s_phase_ts                               0x2000002c   Data           4  int_buzzer.o(.data)
    s_beep_done                              0x20000030   Data           1  int_buzzer.o(.data)
    .data                                    0x20000034   Section        5  com_delay.o(.data)
    s_tick_ms                                0x20000034   Data           4  com_delay.o(.data)
    s_running                                0x20000038   Data           1  com_delay.o(.data)
    .data                                    0x2000003c   Section        8  app_measure.o(.data)
    s_r_ohm_per_m                            0x2000003c   Data           4  app_measure.o(.data)
    s_cable_len_m                            0x20000040   Data           4  app_measure.o(.data)
    .data                                    0x20000044   Section       12  app_state.o(.data)
    s_state                                  0x20000044   Data           1  app_state.o(.data)
    s_debounce_cnt                           0x20000045   Data           1  app_state.o(.data)
    s_last_scan_ts                           0x20000048   Data           4  app_state.o(.data)
    s_leak_pos_mm                            0x2000004c   Data           4  app_state.o(.data)
    .data                                    0x20000050   Section        1  app_display.o(.data)
    s_voltage_page                           0x20000050   Data           1  app_display.o(.data)
    .data                                    0x20000054   Section        4  stdout.o(.data)
    .bss                                     0x20000058   Section       56  main_with_oled.o(.bss)
    g_volt                                   0x20000058   Data          40  main_with_oled.o(.bss)
    g_result                                 0x20000080   Data          16  main_with_oled.o(.bss)
    .bss                                     0x20000090   Section     1024  int_oled.o(.bss)
    s_gram                                   0x20000090   Data        1024  int_oled.o(.bss)
    .bss                                     0x20000490   Section       36  app_config.o(.bss)
    s_config                                 0x20000490   Data          36  app_config.o(.bss)
    STACK                                    0x200004b8   Section     1024  startup_stm32f10x_md.o(STACK)

    Global Symbols

    Symbol Name                              Value     Ov Type        Size  Object(Section)

    BuildAttributes$$THM_ISAv4$P$D$K$B$S$PE$A:L22UL41UL21$X:L11$S22US41US21$IEEE1$IW$USESV6$~STKCKD$USESV7$~SHL$OTIME$ROPI$EBA8$MICROLIB$REQ8$PRES8$EABIv2 0x00000000   Number         0  anon$$obj.o ABSOLUTE
    __ARM_use_no_argv                        0x00000000   Number         0  main_with_oled.o ABSOLUTE
    _printf_a                                0x00000000   Number         0  stubs.o ABSOLUTE
    _printf_c                                0x00000000   Number         0  stubs.o ABSOLUTE
    _printf_charcount                        0x00000000   Number         0  stubs.o ABSOLUTE
    _printf_d                                0x00000000   Number         0  stubs.o ABSOLUTE
    _printf_e                                0x00000000   Number         0  stubs.o ABSOLUTE
    _printf_f                                0x00000000   Number         0  stubs.o ABSOLUTE
    _printf_flags                            0x00000000   Number         0  stubs.o ABSOLUTE
    _printf_fp_dec                           0x00000000   Number         0  stubs.o ABSOLUTE
    _printf_fp_hex                           0x00000000   Number         0  stubs.o ABSOLUTE
    _printf_g                                0x00000000   Number         0  stubs.o ABSOLUTE
    _printf_i                                0x00000000   Number         0  stubs.o ABSOLUTE
    _printf_int_dec                          0x00000000   Number         0  stubs.o ABSOLUTE
    _printf_l                                0x00000000   Number         0  stubs.o ABSOLUTE
    _printf_lc                               0x00000000   Number         0  stubs.o ABSOLUTE
    _printf_ll                               0x00000000   Number         0  stubs.o ABSOLUTE
    _printf_lld                              0x00000000   Number         0  stubs.o ABSOLUTE
    _printf_lli                              0x00000000   Number         0  stubs.o ABSOLUTE
    _printf_llo                              0x00000000   Number         0  stubs.o ABSOLUTE
    _printf_llu                              0x00000000   Number         0  stubs.o ABSOLUTE
    _printf_llx                              0x00000000   Number         0  stubs.o ABSOLUTE
    _printf_longlong_dec                     0x00000000   Number         0  stubs.o ABSOLUTE
    _printf_longlong_hex                     0x00000000   Number         0  stubs.o ABSOLUTE
    _printf_longlong_oct                     0x00000000   Number         0  stubs.o ABSOLUTE
    _printf_ls                               0x00000000   Number         0  stubs.o ABSOLUTE
    _printf_mbtowc                           0x00000000   Number         0  stubs.o ABSOLUTE
    _printf_n                                0x00000000   Number         0  stubs.o ABSOLUTE
    _printf_o                                0x00000000   Number         0  stubs.o ABSOLUTE
    _printf_p                                0x00000000   Number         0  stubs.o ABSOLUTE
    _printf_percent                          0x00000000   Number         0  stubs.o ABSOLUTE
    _printf_pre_padding                      0x00000000   Number         0  stubs.o ABSOLUTE
    _printf_return_value                     0x00000000   Number         0  stubs.o ABSOLUTE
    _printf_s                                0x00000000   Number         0  stubs.o ABSOLUTE
    _printf_sizespec                         0x00000000   Number         0  stubs.o ABSOLUTE
    _printf_str                              0x00000000   Number         0  stubs.o ABSOLUTE
    _printf_truncate_signed                  0x00000000   Number         0  stubs.o ABSOLUTE
    _printf_truncate_unsigned                0x00000000   Number         0  stubs.o ABSOLUTE
    _printf_u                                0x00000000   Number         0  stubs.o ABSOLUTE
    _printf_wc                               0x00000000   Number         0  stubs.o ABSOLUTE
    _printf_wctomb                           0x00000000   Number         0  stubs.o ABSOLUTE
    _printf_widthprec                        0x00000000   Number         0  stubs.o ABSOLUTE
    _printf_x                                0x00000000   Number         0  stubs.o ABSOLUTE
    __arm_fini_                               - Undefined Weak Reference
    __cpp_initialize__aeabi_                  - Undefined Weak Reference
    __cxa_finalize                            - Undefined Weak Reference
    __decompress                              - Undefined Weak Reference
    _clock_init                               - Undefined Weak Reference
    _microlib_exit                            - Undefined Weak Reference
    __Vectors_Size                           0x000000ec   Number         0  startup_stm32f10x_md.o ABSOLUTE
    __Vectors                                0x08000000   Data           4  startup_stm32f10x_md.o(RESET)
    __Vectors_End                            0x080000ec   Data           0  startup_stm32f10x_md.o(RESET)
    __main                                   0x080000ed   Thumb Code     0  entry.o(.ARM.Collect$$$$00000000)
    _main_stk                                0x080000ed   Thumb Code     0  entry2.o(.ARM.Collect$$$$00000001)
    _main_scatterload                        0x080000f1   Thumb Code     0  entry5.o(.ARM.Collect$$$$00000004)
    __main_after_scatterload                 0x080000f5   Thumb Code     0  entry5.o(.ARM.Collect$$$$00000004)
    _main_clock                              0x080000f5   Thumb Code     0  entry7b.o(.ARM.Collect$$$$00000008)
    _main_cpp_init                           0x080000f5   Thumb Code     0  entry8b.o(.ARM.Collect$$$$0000000A)
    _main_init                               0x080000f5   Thumb Code     0  entry9a.o(.ARM.Collect$$$$0000000B)
    __rt_lib_shutdown_fini                   0x080000fd   Thumb Code     0  entry12b.o(.ARM.Collect$$$$0000000E)
    __rt_final_cpp                           0x08000101   Thumb Code     0  entry10a.o(.ARM.Collect$$$$0000000F)
    __rt_final_exit                          0x08000101   Thumb Code     0  entry11a.o(.ARM.Collect$$$$00000011)
    Reset_Handler                            0x08000105   Thumb Code     8  startup_stm32f10x_md.o(.text)
    ADC1_2_IRQHandler                        0x0800011f   Thumb Code     0  startup_stm32f10x_md.o(.text)
    CAN1_RX1_IRQHandler                      0x0800011f   Thumb Code     0  startup_stm32f10x_md.o(.text)
    CAN1_SCE_IRQHandler                      0x0800011f   Thumb Code     0  startup_stm32f10x_md.o(.text)
    DMA1_Channel1_IRQHandler                 0x0800011f   Thumb Code     0  startup_stm32f10x_md.o(.text)
    DMA1_Channel2_IRQHandler                 0x0800011f   Thumb Code     0  startup_stm32f10x_md.o(.text)
    DMA1_Channel3_IRQHandler                 0x0800011f   Thumb Code     0  startup_stm32f10x_md.o(.text)
    DMA1_Channel4_IRQHandler                 0x0800011f   Thumb Code     0  startup_stm32f10x_md.o(.text)
    DMA1_Channel5_IRQHandler                 0x0800011f   Thumb Code     0  startup_stm32f10x_md.o(.text)
    DMA1_Channel6_IRQHandler                 0x0800011f   Thumb Code     0  startup_stm32f10x_md.o(.text)
    DMA1_Channel7_IRQHandler                 0x0800011f   Thumb Code     0  startup_stm32f10x_md.o(.text)
    EXTI0_IRQHandler                         0x0800011f   Thumb Code     0  startup_stm32f10x_md.o(.text)
    EXTI15_10_IRQHandler                     0x0800011f   Thumb Code     0  startup_stm32f10x_md.o(.text)
    EXTI1_IRQHandler                         0x0800011f   Thumb Code     0  startup_stm32f10x_md.o(.text)
    EXTI2_IRQHandler                         0x0800011f   Thumb Code     0  startup_stm32f10x_md.o(.text)
    EXTI3_IRQHandler                         0x0800011f   Thumb Code     0  startup_stm32f10x_md.o(.text)
    EXTI4_IRQHandler                         0x0800011f   Thumb Code     0  startup_stm32f10x_md.o(.text)
    EXTI9_5_IRQHandler                       0x0800011f   Thumb Code     0  startup_stm32f10x_md.o(.text)
    FLASH_IRQHandler                         0x0800011f   Thumb Code     0  startup_stm32f10x_md.o(.text)
    I2C1_ER_IRQHandler                       0x0800011f   Thumb Code     0  startup_stm32f10x_md.o(.text)
    I2C1_EV_IRQHandler                       0x0800011f   Thumb Code     0  startup_stm32f10x_md.o(.text)
    I2C2_ER_IRQHandler                       0x0800011f   Thumb Code     0  startup_stm32f10x_md.o(.text)
    I2C2_EV_IRQHandler                       0x0800011f   Thumb Code     0  startup_stm32f10x_md.o(.text)
    PVD_IRQHandler                           0x0800011f   Thumb Code     0  startup_stm32f10x_md.o(.text)
    RCC_IRQHandler                           0x0800011f   Thumb Code     0  startup_stm32f10x_md.o(.text)
    RTCAlarm_IRQHandler                      0x0800011f   Thumb Code     0  startup_stm32f10x_md.o(.text)
    RTC_IRQHandler                           0x0800011f   Thumb Code     0  startup_stm32f10x_md.o(.text)
    SPI1_IRQHandler                          0x0800011f   Thumb Code     0  startup_stm32f10x_md.o(.text)
    SPI2_IRQHandler                          0x0800011f   Thumb Code     0  startup_stm32f10x_md.o(.text)
    TAMPER_IRQHandler                        0x0800011f   Thumb Code     0  startup_stm32f10x_md.o(.text)
    TIM1_BRK_IRQHandler                      0x0800011f   Thumb Code     0  startup_stm32f10x_md.o(.text)
    TIM1_CC_IRQHandler                       0x0800011f   Thumb Code     0  startup_stm32f10x_md.o(.text)
    TIM1_TRG_COM_IRQHandler                  0x0800011f   Thumb Code     0  startup_stm32f10x_md.o(.text)
    TIM1_UP_IRQHandler                       0x0800011f   Thumb Code     0  startup_stm32f10x_md.o(.text)
    TIM2_IRQHandler                          0x0800011f   Thumb Code     0  startup_stm32f10x_md.o(.text)
    TIM4_IRQHandler                          0x0800011f   Thumb Code     0  startup_stm32f10x_md.o(.text)
    USART1_IRQHandler                        0x0800011f   Thumb Code     0  startup_stm32f10x_md.o(.text)
    USART2_IRQHandler                        0x0800011f   Thumb Code     0  startup_stm32f10x_md.o(.text)
    USART3_IRQHandler                        0x0800011f   Thumb Code     0  startup_stm32f10x_md.o(.text)
    USBWakeUp_IRQHandler                     0x0800011f   Thumb Code     0  startup_stm32f10x_md.o(.text)
    USB_HP_CAN1_TX_IRQHandler                0x0800011f   Thumb Code     0  startup_stm32f10x_md.o(.text)
    USB_LP_CAN1_RX0_IRQHandler               0x0800011f   Thumb Code     0  startup_stm32f10x_md.o(.text)
    WWDG_IRQHandler                          0x0800011f   Thumb Code     0  startup_stm32f10x_md.o(.text)
    __aeabi_memcpy                           0x08000129   Thumb Code    36  memcpya.o(.text)
    __aeabi_memcpy4                          0x08000129   Thumb Code     0  memcpya.o(.text)
    __aeabi_memcpy8                          0x08000129   Thumb Code     0  memcpya.o(.text)
    __aeabi_memset                           0x0800014d   Thumb Code    14  memseta.o(.text)
    __aeabi_memset4                          0x0800014d   Thumb Code     0  memseta.o(.text)
    __aeabi_memset8                          0x0800014d   Thumb Code     0  memseta.o(.text)
    __aeabi_memclr                           0x0800015b   Thumb Code     4  memseta.o(.text)
    __aeabi_memclr4                          0x0800015b   Thumb Code     0  memseta.o(.text)
    __aeabi_memclr8                          0x0800015b   Thumb Code     0  memseta.o(.text)
    _memset$wrapper                          0x0800015f   Thumb Code    18  memseta.o(.text)
    __aeabi_fadd                             0x08000171   Thumb Code   164  fadd.o(.text)
    __aeabi_fsub                             0x08000215   Thumb Code     6  fadd.o(.text)
    __aeabi_frsub                            0x0800021b   Thumb Code     6  fadd.o(.text)
    __aeabi_fmul                             0x08000221   Thumb Code   100  fmul.o(.text)
    __aeabi_fdiv                             0x08000285   Thumb Code   124  fdiv.o(.text)
    __aeabi_i2f                              0x08000301   Thumb Code    18  fflti.o(.text)
    __aeabi_f2iz                             0x08000313   Thumb Code    50  ffixi.o(.text)
    __aeabi_cfcmpeq                          0x08000345   Thumb Code     0  cfcmple.o(.text)
    __aeabi_cfcmple                          0x08000345   Thumb Code    20  cfcmple.o(.text)
    __aeabi_cfrcmple                         0x08000359   Thumb Code    20  cfrcmple.o(.text)
    __aeabi_uidiv                            0x0800036d   Thumb Code     0  uidiv.o(.text)
    __aeabi_uidivmod                         0x0800036d   Thumb Code    44  uidiv.o(.text)
    __aeabi_uldivmod                         0x08000399   Thumb Code    98  uldiv.o(.text)
    __I$use$fp                               0x080003fb   Thumb Code     0  iusefp.o(.text)
    _float_round                             0x080003fb   Thumb Code    18  fepilogue.o(.text)
    _float_epilogue                          0x0800040d   Thumb Code    92  fepilogue.o(.text)
    __aeabi_dadd                             0x08000469   Thumb Code   322  dadd.o(.text)
    __aeabi_dsub                             0x080005ab   Thumb Code     6  dadd.o(.text)
    __aeabi_drsub                            0x080005b1   Thumb Code     6  dadd.o(.text)
    __aeabi_dmul                             0x080005b7   Thumb Code   228  dmul.o(.text)
    __aeabi_ddiv                             0x0800069b   Thumb Code   222  ddiv.o(.text)
    __aeabi_d2ulz                            0x08000779   Thumb Code    48  dfixul.o(.text)
    __aeabi_cdrcmple                         0x080007a9   Thumb Code    48  cdrcmple.o(.text)
    __scatterload                            0x080007d9   Thumb Code    28  init.o(.text)
    __scatterload_rt2                        0x080007d9   Thumb Code     0  init.o(.text)
    __aeabi_llsl                             0x080007fd   Thumb Code    30  llshl.o(.text)
    _ll_shift_l                              0x080007fd   Thumb Code     0  llshl.o(.text)
    __aeabi_llsr                             0x0800081b   Thumb Code    32  llushr.o(.text)
    _ll_ushift_r                             0x0800081b   Thumb Code     0  llushr.o(.text)
    __aeabi_lasr                             0x0800083b   Thumb Code    36  llsshr.o(.text)
    _ll_sshift_r                             0x0800083b   Thumb Code     0  llsshr.o(.text)
    _double_round                            0x0800085f   Thumb Code    30  depilogue.o(.text)
    _double_epilogue                         0x0800087d   Thumb Code   156  depilogue.o(.text)
    ADC_Cmd                                  0x08000919   Thumb Code    22  stm32f10x_adc.o(i.ADC_Cmd)
    ADC_GetCalibrationStatus                 0x0800092f   Thumb Code    20  stm32f10x_adc.o(i.ADC_GetCalibrationStatus)
    ADC_GetConversionValue                   0x08000943   Thumb Code     8  stm32f10x_adc.o(i.ADC_GetConversionValue)
    ADC_GetFlagStatus                        0x0800094b   Thumb Code    18  stm32f10x_adc.o(i.ADC_GetFlagStatus)
    ADC_GetResetCalibrationStatus            0x0800095d   Thumb Code    20  stm32f10x_adc.o(i.ADC_GetResetCalibrationStatus)
    ADC_Init                                 0x08000971   Thumb Code    70  stm32f10x_adc.o(i.ADC_Init)
    ADC_RegularChannelConfig                 0x080009c1   Thumb Code   184  stm32f10x_adc.o(i.ADC_RegularChannelConfig)
    ADC_ResetCalibration                     0x08000a79   Thumb Code    10  stm32f10x_adc.o(i.ADC_ResetCalibration)
    ADC_SoftwareStartConvCmd                 0x08000a83   Thumb Code    22  stm32f10x_adc.o(i.ADC_SoftwareStartConvCmd)
    ADC_StartCalibration                     0x08000a99   Thumb Code    10  stm32f10x_adc.o(i.ADC_StartCalibration)
    Adc_Init                                 0x08000aa5   Thumb Code   126  int_adc.o(i.Adc_Init)
    Adc_ReadNet0                             0x08000b8d   Thumb Code    10  int_adc.o(i.Adc_ReadNet0)
    Adc_ReadNet1                             0x08000b97   Thumb Code    10  int_adc.o(i.Adc_ReadNet1)
    Board_Init                               0x08000bd5   Thumb Code    28  com_board.o(i.Board_Init)
    BusFault_Handler                         0x08000bf5   Thumb Code     4  stm32f10x_it.o(i.BusFault_Handler)
    Buzzer_BlockingBeep                      0x08000bf9   Thumb Code    30  int_buzzer.o(i.Buzzer_BlockingBeep)
    Buzzer_Init                              0x08000c21   Thumb Code   156  int_buzzer.o(i.Buzzer_Init)
    Buzzer_Poll                              0x08000cd5   Thumb Code   162  int_buzzer.o(i.Buzzer_Poll)
    Buzzer_SetPattern                        0x08000d8d   Thumb Code    48  int_buzzer.o(i.Buzzer_SetPattern)
    Buzzer_Start                             0x08000dc9   Thumb Code    46  int_buzzer.o(i.Buzzer_Start)
    Buzzer_Stop                              0x08000e01   Thumb Code    38  int_buzzer.o(i.Buzzer_Stop)
    Config_Get                               0x08000e81   Thumb Code     4  app_config.o(i.Config_Get)
    Config_Init                              0x08000e89   Thumb Code    64  app_config.o(i.Config_Init)
    Config_Load                              0x08000f05   Thumb Code   104  app_config.o(i.Config_Load)
    DebugMon_Handler                         0x080010b5   Thumb Code     2  stm32f10x_it.o(i.DebugMon_Handler)
    Delay_GetTick                            0x080010b9   Thumb Code     6  com_delay.o(i.Delay_GetTick)
    Delay_Init                               0x080010c5   Thumb Code   100  com_delay.o(i.Delay_Init)
    Delay_IsTimeout                          0x0800113d   Thumb Code    20  com_delay.o(i.Delay_IsTimeout)
    Delay_ms                                 0x08001155   Thumb Code    48  com_delay.o(i.Delay_ms)
    Delay_us                                 0x0800118d   Thumb Code    26  com_delay.o(i.Delay_us)
    Display_Init                             0x080011a9   Thumb Code    36  app_display.o(i.Display_Init)
    Display_Refresh                          0x080011e5   Thumb Code     8  app_display.o(i.Display_Refresh)
    Display_ShowPosition                     0x080011ed   Thumb Code   102  app_display.o(i.Display_ShowPosition)
    Display_ShowStatus                       0x08001291   Thumb Code    80  app_display.o(i.Display_ShowStatus)
    Display_ShowVoltages                     0x08001329   Thumb Code   208  app_display.o(i.Display_ShowVoltages)
    Display_UpdateAll                        0x08001439   Thumb Code   172  app_display.o(i.Display_UpdateAll)
    GPIO_Init                                0x080016b9   Thumb Code   278  stm32f10x_gpio.o(i.GPIO_Init)
    GPIO_PinRemapConfig                      0x080017d1   Thumb Code   138  stm32f10x_gpio.o(i.GPIO_PinRemapConfig)
    GPIO_ReadOutputDataBit                   0x08001861   Thumb Code    18  stm32f10x_gpio.o(i.GPIO_ReadOutputDataBit)
    GPIO_ResetBits                           0x08001873   Thumb Code     4  stm32f10x_gpio.o(i.GPIO_ResetBits)
    GPIO_SetBits                             0x08001877   Thumb Code     4  stm32f10x_gpio.o(i.GPIO_SetBits)
    GPIO_WriteBit                            0x0800187b   Thumb Code    10  stm32f10x_gpio.o(i.GPIO_WriteBit)
    HardFault_Handler                        0x08001885   Thumb Code     4  stm32f10x_it.o(i.HardFault_Handler)
    Measure_CalcL1                           0x08001989   Thumb Code   314  app_measure.o(i.Measure_CalcL1)
    Measure_CheckBreak                       0x08001ae1   Thumb Code    64  app_measure.o(i.Measure_CheckBreak)
    Measure_CheckLeak                        0x08001b21   Thumb Code    30  app_measure.o(i.Measure_CheckLeak)
    Measure_Init                             0x08001b3f   Thumb Code    12  app_measure.o(i.Measure_Init)
    Measure_Judge                            0x08001b4d   Thumb Code    94  app_measure.o(i.Measure_Judge)
    Measure_ReadAll                          0x08001bd1   Thumb Code    34  app_measure.o(i.Measure_ReadAll)
    Measure_ReadBreak                        0x08001bf3   Thumb Code    68  app_measure.o(i.Measure_ReadBreak)
    Measure_ReadLeak                         0x08001c37   Thumb Code    38  app_measure.o(i.Measure_ReadLeak)
    Measure_ReadLocate                       0x08001c5d   Thumb Code    84  app_measure.o(i.Measure_ReadLocate)
    Measure_SetCableParam                    0x08001cb1   Thumb Code    36  app_measure.o(i.Measure_SetCableParam)
    MemManage_Handler                        0x08001cdd   Thumb Code     4  stm32f10x_it.o(i.MemManage_Handler)
    NMI_Handler                              0x08001ce1   Thumb Code     2  stm32f10x_it.o(i.NMI_Handler)
    NVIC_Init                                0x08001ce5   Thumb Code   100  misc.o(i.NVIC_Init)
    Oled_Clear                               0x08001d55   Thumb Code    14  int_oled.o(i.Oled_Clear)
    Oled_Init                                0x08001d69   Thumb Code   236  int_oled.o(i.Oled_Init)
    Oled_Refresh                             0x08001e59   Thumb Code    62  int_oled.o(i.Oled_Refresh)
    Oled_ShowChar                            0x08001e9d   Thumb Code   122  int_oled.o(i.Oled_ShowChar)
    Oled_ShowString                          0x08001f21   Thumb Code    42  int_oled.o(i.Oled_ShowString)
    PendSV_Handler                           0x08001f8b   Thumb Code     2  stm32f10x_it.o(i.PendSV_Handler)
    RCC_ADCCLKConfig                         0x080021c1   Thumb Code    18  stm32f10x_rcc.o(i.RCC_ADCCLKConfig)
    RCC_APB1PeriphClockCmd                   0x080021d9   Thumb Code    26  stm32f10x_rcc.o(i.RCC_APB1PeriphClockCmd)
    RCC_APB2PeriphClockCmd                   0x080021f9   Thumb Code    26  stm32f10x_rcc.o(i.RCC_APB2PeriphClockCmd)
    RCC_GetClocksFreq                        0x08002219   Thumb Code   192  stm32f10x_rcc.o(i.RCC_GetClocksFreq)
    Relay_Init                               0x080022ed   Thumb Code    52  int_relay.o(i.Relay_Init)
    Relay_Off                                0x08002325   Thumb Code    16  int_relay.o(i.Relay_Off)
    Relay_On                                 0x08002339   Thumb Code    14  int_relay.o(i.Relay_On)
    Rs485_Init                               0x0800234d   Thumb Code   120  int_rs485.o(i.Rs485_Init)
    Rs485_SendByte                           0x080023cd   Thumb Code    28  int_rs485.o(i.Rs485_SendByte)
    Rs485_SendData                           0x080023ed   Thumb Code    26  int_rs485.o(i.Rs485_SendData)
    SVC_Handler                              0x08002407   Thumb Code     2  stm32f10x_it.o(i.SVC_Handler)
    State_Get                                0x080025c5   Thumb Code     6  app_state.o(i.State_Get)
    State_Init                               0x080025d1   Thumb Code    36  app_state.o(i.State_Init)
    State_Update                             0x08002605   Thumb Code   306  app_state.o(i.State_Update)
    SysTick_Handler                          0x08002761   Thumb Code    18  com_delay.o(i.SysTick_Handler)
    SystemInit                               0x08002779   Thumb Code    78  system_stm32f10x.o(i.SystemInit)
    TIM3_IRQHandler                          0x080027d9   Thumb Code    54  int_buzzer.o(i.TIM3_IRQHandler)
    TIM_ClearITPendingBit                    0x08002819   Thumb Code     6  stm32f10x_tim.o(i.TIM_ClearITPendingBit)
    TIM_Cmd                                  0x0800281f   Thumb Code    24  stm32f10x_tim.o(i.TIM_Cmd)
    TIM_GetITStatus                          0x08002837   Thumb Code    34  stm32f10x_tim.o(i.TIM_GetITStatus)
    TIM_ITConfig                             0x08002859   Thumb Code    18  stm32f10x_tim.o(i.TIM_ITConfig)
    TIM_TimeBaseInit                         0x0800286d   Thumb Code   122  stm32f10x_tim.o(i.TIM_TimeBaseInit)
    USART_Cmd                                0x08002911   Thumb Code    24  stm32f10x_usart.o(i.USART_Cmd)
    USART_GetFlagStatus                      0x08002929   Thumb Code    26  stm32f10x_usart.o(i.USART_GetFlagStatus)
    USART_Init                               0x08002945   Thumb Code   210  stm32f10x_usart.o(i.USART_Init)
    USART_SendData                           0x08002a1d   Thumb Code     8  stm32f10x_usart.o(i.USART_SendData)
    Uart_Init                                0x08002a25   Thumb Code   120  com_uart.o(i.Uart_Init)
    Uart_SendByte                            0x08002aa5   Thumb Code    28  com_uart.o(i.Uart_SendByte)
    UsageFault_Handler                       0x08002ac5   Thumb Code     4  stm32f10x_it.o(i.UsageFault_Handler)
    Wire_AllOff                              0x08002ac9   Thumb Code    16  int_wire.o(i.Wire_AllOff)
    Wire_Apply                               0x08002ad9   Thumb Code    48  int_wire.o(i.Wire_Apply)
    Wire_Init                                0x08002b09   Thumb Code    64  int_wire.o(i.Wire_Init)
    Wire_SelectPath                          0x08002b51   Thumb Code    30  int_wire.o(i.Wire_SelectPath)
    Wire_SetBlackToR9                        0x08002b75   Thumb Code    24  int_wire.o(i.Wire_SetBlackToR9)
    Wire_SetGreenToR9                        0x08002b91   Thumb Code    26  int_wire.o(i.Wire_SetGreenToR9)
    Wire_SetRedPower                         0x08002bb1   Thumb Code    24  int_wire.o(i.Wire_SetRedPower)
    Wire_SetSwitches                         0x08002bcd   Thumb Code    40  int_wire.o(i.Wire_SetSwitches)
    Wire_SetYellowPower                      0x08002bf5   Thumb Code    24  int_wire.o(i.Wire_SetYellowPower)
    __0printf                                0x08002c11   Thumb Code    22  printfa.o(i.__0printf)
    __1printf                                0x08002c11   Thumb Code     0  printfa.o(i.__0printf)
    __2printf                                0x08002c11   Thumb Code     0  printfa.o(i.__0printf)
    __c89printf                              0x08002c11   Thumb Code     0  printfa.o(i.__0printf)
    printf                                   0x08002c11   Thumb Code     0  printfa.o(i.__0printf)
    __0snprintf                              0x08002c31   Thumb Code    48  printfa.o(i.__0snprintf)
    __1snprintf                              0x08002c31   Thumb Code     0  printfa.o(i.__0snprintf)
    __2snprintf                              0x08002c31   Thumb Code     0  printfa.o(i.__0snprintf)
    __c89snprintf                            0x08002c31   Thumb Code     0  printfa.o(i.__0snprintf)
    snprintf                                 0x08002c31   Thumb Code     0  printfa.o(i.__0snprintf)
    __scatterload_copy                       0x08002c65   Thumb Code    14  handlers.o(i.__scatterload_copy)
    __scatterload_null                       0x08002c73   Thumb Code     2  handlers.o(i.__scatterload_null)
    __scatterload_zeroinit                   0x08002c75   Thumb Code    14  handlers.o(i.__scatterload_zeroinit)
    fputc                                    0x08003525   Thumb Code    16  com_uart.o(i.fputc)
    main                                     0x08003535   Thumb Code   286  main_with_oled.o(i.main)
    Region$$Table$$Base                      0x08003cf4   Number         0  anon$$obj.o(Region$$Table)
    Region$$Table$$Limit                     0x08003d14   Number         0  anon$$obj.o(Region$$Table)
    SystemCoreClock                          0x20000000   Data           4  system_stm32f10x.o(.data)
    AHBPrescTable                            0x20000004   Data          16  system_stm32f10x.o(.data)
    __stdout                                 0x20000054   Data           4  stdout.o(.data)
    __initial_sp                             0x200008b8   Data           0  startup_stm32f10x_md.o(STACK)



==============================================================================

Memory Map of the image

  Image Entry point : 0x080000ed

  Load Region LR_IROM1 (Base: 0x08000000, Size: 0x00003d6c, Max: 0x00010000, ABSOLUTE)

    Execution Region ER_IROM1 (Exec base: 0x08000000, Load base: 0x08000000, Size: 0x00003d14, Max: 0x00010000, ABSOLUTE)

    Exec Addr    Load Addr    Size         Type   Attr      Idx    E Section Name        Object

    0x08000000   0x08000000   0x000000ec   Data   RO           19    RESET               startup_stm32f10x_md.o
    0x080000ec   0x080000ec   0x00000000   Code   RO         4335  * .ARM.Collect$$$$00000000  mc_w.l(entry.o)
    0x080000ec   0x080000ec   0x00000004   Code   RO         4627    .ARM.Collect$$$$00000001  mc_w.l(entry2.o)
    0x080000f0   0x080000f0   0x00000004   Code   RO         4630    .ARM.Collect$$$$00000004  mc_w.l(entry5.o)
    0x080000f4   0x080000f4   0x00000000   Code   RO         4632    .ARM.Collect$$$$00000008  mc_w.l(entry7b.o)
    0x080000f4   0x080000f4   0x00000000   Code   RO         4634    .ARM.Collect$$$$0000000A  mc_w.l(entry8b.o)
    0x080000f4   0x080000f4   0x00000008   Code   RO         4635    .ARM.Collect$$$$0000000B  mc_w.l(entry9a.o)
    0x080000fc   0x080000fc   0x00000004   Code   RO         4642    .ARM.Collect$$$$0000000E  mc_w.l(entry12b.o)
    0x08000100   0x08000100   0x00000000   Code   RO         4637    .ARM.Collect$$$$0000000F  mc_w.l(entry10a.o)
    0x08000100   0x08000100   0x00000000   Code   RO         4639    .ARM.Collect$$$$00000011  mc_w.l(entry11a.o)
    0x08000100   0x08000100   0x00000004   Code   RO         4628    .ARM.Collect$$$$00002712  mc_w.l(entry2.o)
    0x08000104   0x08000104   0x00000024   Code   RO           20    .text               startup_stm32f10x_md.o
    0x08000128   0x08000128   0x00000024   Code   RO         4338    .text               mc_w.l(memcpya.o)
    0x0800014c   0x0800014c   0x00000024   Code   RO         4340    .text               mc_w.l(memseta.o)
    0x08000170   0x08000170   0x000000b0   Code   RO         4609    .text               mf_w.l(fadd.o)
    0x08000220   0x08000220   0x00000064   Code   RO         4611    .text               mf_w.l(fmul.o)
    0x08000284   0x08000284   0x0000007c   Code   RO         4613    .text               mf_w.l(fdiv.o)
    0x08000300   0x08000300   0x00000012   Code   RO         4615    .text               mf_w.l(fflti.o)
    0x08000312   0x08000312   0x00000032   Code   RO         4619    .text               mf_w.l(ffixi.o)
    0x08000344   0x08000344   0x00000014   Code   RO         4623    .text               mf_w.l(cfcmple.o)
    0x08000358   0x08000358   0x00000014   Code   RO         4625    .text               mf_w.l(cfrcmple.o)
    0x0800036c   0x0800036c   0x0000002c   Code   RO         4644    .text               mc_w.l(uidiv.o)
    0x08000398   0x08000398   0x00000062   Code   RO         4646    .text               mc_w.l(uldiv.o)
    0x080003fa   0x080003fa   0x00000000   Code   RO         4648    .text               mc_w.l(iusefp.o)
    0x080003fa   0x080003fa   0x0000006e   Code   RO         4649    .text               mf_w.l(fepilogue.o)
    0x08000468   0x08000468   0x0000014e   Code   RO         4651    .text               mf_w.l(dadd.o)
    0x080005b6   0x080005b6   0x000000e4   Code   RO         4653    .text               mf_w.l(dmul.o)
    0x0800069a   0x0800069a   0x000000de   Code   RO         4655    .text               mf_w.l(ddiv.o)
    0x08000778   0x08000778   0x00000030   Code   RO         4657    .text               mf_w.l(dfixul.o)
    0x080007a8   0x080007a8   0x00000030   Code   RO         4659    .text               mf_w.l(cdrcmple.o)
    0x080007d8   0x080007d8   0x00000024   Code   RO         4661    .text               mc_w.l(init.o)
    0x080007fc   0x080007fc   0x0000001e   Code   RO         4663    .text               mc_w.l(llshl.o)
    0x0800081a   0x0800081a   0x00000020   Code   RO         4665    .text               mc_w.l(llushr.o)
    0x0800083a   0x0800083a   0x00000024   Code   RO         4667    .text               mc_w.l(llsshr.o)
    0x0800085e   0x0800085e   0x000000ba   Code   RO         4669    .text               mf_w.l(depilogue.o)
    0x08000918   0x08000918   0x00000016   Code   RO          318    i.ADC_Cmd           stm32f10x_adc.o
    0x0800092e   0x0800092e   0x00000014   Code   RO          326    i.ADC_GetCalibrationStatus  stm32f10x_adc.o
    0x08000942   0x08000942   0x00000008   Code   RO          327    i.ADC_GetConversionValue  stm32f10x_adc.o
    0x0800094a   0x0800094a   0x00000012   Code   RO          329    i.ADC_GetFlagStatus  stm32f10x_adc.o
    0x0800095c   0x0800095c   0x00000014   Code   RO          332    i.ADC_GetResetCalibrationStatus  stm32f10x_adc.o
    0x08000970   0x08000970   0x00000050   Code   RO          336    i.ADC_Init          stm32f10x_adc.o
    0x080009c0   0x080009c0   0x000000b8   Code   RO          340    i.ADC_RegularChannelConfig  stm32f10x_adc.o
    0x08000a78   0x08000a78   0x0000000a   Code   RO          341    i.ADC_ResetCalibration  stm32f10x_adc.o
    0x08000a82   0x08000a82   0x00000016   Code   RO          343    i.ADC_SoftwareStartConvCmd  stm32f10x_adc.o
    0x08000a98   0x08000a98   0x0000000a   Code   RO          345    i.ADC_StartCalibration  stm32f10x_adc.o
    0x08000aa2   0x08000aa2   0x00000002   PAD
    0x08000aa4   0x08000aa4   0x00000088   Code   RO         3309    i.Adc_Init          int_adc.o
    0x08000b2c   0x08000b2c   0x0000001a   Code   RO         3860    i.Adc_RawToMillivolt  app_measure.o
    0x08000b46   0x08000b46   0x00000046   Code   RO         3311    i.Adc_ReadFiltered  int_adc.o
    0x08000b8c   0x08000b8c   0x0000000a   Code   RO         3312    i.Adc_ReadNet0      int_adc.o
    0x08000b96   0x08000b96   0x0000000a   Code   RO         3314    i.Adc_ReadNet1      int_adc.o
    0x08000ba0   0x08000ba0   0x00000034   Code   RO         3316    i.Adc_ReadOnce      int_adc.o
    0x08000bd4   0x08000bd4   0x00000020   Code   RO         3757    i.Board_Init        com_board.o
    0x08000bf4   0x08000bf4   0x00000004   Code   RO          216    i.BusFault_Handler  stm32f10x_it.o
    0x08000bf8   0x08000bf8   0x00000028   Code   RO         3427    i.Buzzer_BlockingBeep  int_buzzer.o
    0x08000c20   0x08000c20   0x000000b4   Code   RO         3428    i.Buzzer_Init       int_buzzer.o
    0x08000cd4   0x08000cd4   0x000000b8   Code   RO         3429    i.Buzzer_Poll       int_buzzer.o
    0x08000d8c   0x08000d8c   0x0000003c   Code   RO         3430    i.Buzzer_SetPattern  int_buzzer.o
    0x08000dc8   0x08000dc8   0x00000038   Code   RO         3431    i.Buzzer_Start      int_buzzer.o
    0x08000e00   0x08000e00   0x00000034   Code   RO         3432    i.Buzzer_Stop       int_buzzer.o
    0x08000e34   0x08000e34   0x0000004c   Code   RO         3986    i.Config_CalcCrc16  app_config.o
    0x08000e80   0x08000e80   0x00000008   Code   RO         3987    i.Config_Get        app_config.o
    0x08000e88   0x08000e88   0x0000007c   Code   RO         3988    i.Config_Init       app_config.o
    0x08000f04   0x08000f04   0x000000c0   Code   RO         3989    i.Config_Load       app_config.o
    0x08000fc4   0x08000fc4   0x00000044   Code   RO         3995    i.Config_SetDefault  app_config.o
    0x08001008   0x08001008   0x000000ac   Code   RO         3999    i.Config_Validate   app_config.o
    0x080010b4   0x080010b4   0x00000002   Code   RO          217    i.DebugMon_Handler  stm32f10x_it.o
    0x080010b6   0x080010b6   0x00000002   PAD
    0x080010b8   0x080010b8   0x0000000c   Code   RO         3772    i.Delay_GetTick     com_delay.o
    0x080010c4   0x080010c4   0x00000078   Code   RO         3773    i.Delay_Init        com_delay.o
    0x0800113c   0x0800113c   0x00000018   Code   RO         3774    i.Delay_IsTimeout   com_delay.o
    0x08001154   0x08001154   0x00000038   Code   RO         3775    i.Delay_ms          com_delay.o
    0x0800118c   0x0800118c   0x0000001a   Code   RO         3776    i.Delay_us          com_delay.o
    0x080011a6   0x080011a6   0x00000002   PAD
    0x080011a8   0x080011a8   0x0000003c   Code   RO         4149    i.Display_Init      app_display.o
    0x080011e4   0x080011e4   0x00000008   Code   RO         4150    i.Display_Refresh   app_display.o
    0x080011ec   0x080011ec   0x000000a4   Code   RO         4151    i.Display_ShowPosition  app_display.o
    0x08001290   0x08001290   0x00000098   Code   RO         4152    i.Display_ShowStatus  app_display.o
    0x08001328   0x08001328   0x00000110   Code   RO         4153    i.Display_ShowVoltages  app_display.o
    0x08001438   0x08001438   0x00000104   Code   RO         4154    i.Display_UpdateAll  app_display.o
    0x0800153c   0x0800153c   0x00000058   Code   RO         4085    i.EnterBreakAlarm   app_state.o
    0x08001594   0x08001594   0x00000070   Code   RO         4086    i.EnterLeakAlarm    app_state.o
    0x08001604   0x08001604   0x00000054   Code   RO         4087    i.EnterNormal       app_state.o
    0x08001658   0x08001658   0x00000060   Code   RO         4155    i.FmtMv             app_display.o
    0x080016b8   0x080016b8   0x00000116   Code   RO         1460    i.GPIO_Init         stm32f10x_gpio.o
    0x080017ce   0x080017ce   0x00000002   PAD
    0x080017d0   0x080017d0   0x00000090   Code   RO         1462    i.GPIO_PinRemapConfig  stm32f10x_gpio.o
    0x08001860   0x08001860   0x00000012   Code   RO         1466    i.GPIO_ReadOutputDataBit  stm32f10x_gpio.o
    0x08001872   0x08001872   0x00000004   Code   RO         1467    i.GPIO_ResetBits    stm32f10x_gpio.o
    0x08001876   0x08001876   0x00000004   Code   RO         1468    i.GPIO_SetBits      stm32f10x_gpio.o
    0x0800187a   0x0800187a   0x0000000a   Code   RO         1471    i.GPIO_WriteBit     stm32f10x_gpio.o
    0x08001884   0x08001884   0x00000004   Code   RO          218    i.HardFault_Handler  stm32f10x_it.o
    0x08001888   0x08001888   0x00000010   Code   RO         3607    i.I2C_Delay         int_oled.o
    0x08001898   0x08001898   0x00000030   Code   RO         3608    i.I2C_Start         int_oled.o
    0x080018c8   0x080018c8   0x00000028   Code   RO         3609    i.I2C_Stop          int_oled.o
    0x080018f0   0x080018f0   0x0000006c   Code   RO         3610    i.I2C_WriteByte     int_oled.o
    0x0800195c   0x0800195c   0x0000000e   Code   RO         3861    i.Meas_Abs          app_measure.o
    0x0800196a   0x0800196a   0x0000000e   Code   RO         3862    i.Meas_ReadNet0Mv   app_measure.o
    0x08001978   0x08001978   0x0000000e   Code   RO         3863    i.Meas_ReadNet1Mv   app_measure.o
    0x08001986   0x08001986   0x00000002   PAD
    0x08001988   0x08001988   0x00000158   Code   RO         3864    i.Measure_CalcL1    app_measure.o
    0x08001ae0   0x08001ae0   0x00000040   Code   RO         3865    i.Measure_CheckBreak  app_measure.o
    0x08001b20   0x08001b20   0x0000001e   Code   RO         3866    i.Measure_CheckLeak  app_measure.o
    0x08001b3e   0x08001b3e   0x0000000c   Code   RO         3869    i.Measure_Init      app_measure.o
    0x08001b4a   0x08001b4a   0x00000002   PAD
    0x08001b4c   0x08001b4c   0x00000084   Code   RO         3870    i.Measure_Judge     app_measure.o
    0x08001bd0   0x08001bd0   0x00000022   Code   RO         3873    i.Measure_ReadAll   app_measure.o
    0x08001bf2   0x08001bf2   0x00000044   Code   RO         3874    i.Measure_ReadBreak  app_measure.o
    0x08001c36   0x08001c36   0x00000026   Code   RO         3875    i.Measure_ReadLeak  app_measure.o
    0x08001c5c   0x08001c5c   0x00000054   Code   RO         3876    i.Measure_ReadLocate  app_measure.o
    0x08001cb0   0x08001cb0   0x0000002c   Code   RO         3877    i.Measure_SetCableParam  app_measure.o
    0x08001cdc   0x08001cdc   0x00000004   Code   RO          219    i.MemManage_Handler  stm32f10x_it.o
    0x08001ce0   0x08001ce0   0x00000002   Code   RO          220    i.NMI_Handler       stm32f10x_it.o
    0x08001ce2   0x08001ce2   0x00000002   PAD
    0x08001ce4   0x08001ce4   0x00000070   Code   RO          273    i.NVIC_Init         misc.o
    0x08001d54   0x08001d54   0x00000014   Code   RO         3611    i.Oled_Clear        int_oled.o
    0x08001d68   0x08001d68   0x000000f0   Code   RO         3615    i.Oled_Init         int_oled.o
    0x08001e58   0x08001e58   0x00000044   Code   RO         3616    i.Oled_Refresh      int_oled.o
    0x08001e9c   0x08001e9c   0x00000084   Code   RO         3617    i.Oled_ShowChar     int_oled.o
    0x08001f20   0x08001f20   0x0000002a   Code   RO         3620    i.Oled_ShowString   int_oled.o
    0x08001f4a   0x08001f4a   0x00000020   Code   RO         3622    i.Oled_WriteCmd     int_oled.o
    0x08001f6a   0x08001f6a   0x00000020   Code   RO         3623    i.Oled_WriteData    int_oled.o
    0x08001f8a   0x08001f8a   0x00000002   Code   RO          221    i.PendSV_Handler    stm32f10x_it.o
    0x08001f8c   0x08001f8c   0x00000234   Code   RO          137    i.PrintBanner       main_with_oled.o
    0x080021c0   0x080021c0   0x00000018   Code   RO         1886    i.RCC_ADCCLKConfig  stm32f10x_rcc.o
    0x080021d8   0x080021d8   0x00000020   Code   RO         1888    i.RCC_APB1PeriphClockCmd  stm32f10x_rcc.o
    0x080021f8   0x080021f8   0x00000020   Code   RO         1890    i.RCC_APB2PeriphClockCmd  stm32f10x_rcc.o
    0x08002218   0x08002218   0x000000d4   Code   RO         1898    i.RCC_GetClocksFreq  stm32f10x_rcc.o
    0x080022ec   0x080022ec   0x00000038   Code   RO         3514    i.Relay_Init        int_relay.o
    0x08002324   0x08002324   0x00000014   Code   RO         3515    i.Relay_Off         int_relay.o
    0x08002338   0x08002338   0x00000014   Code   RO         3516    i.Relay_On          int_relay.o
    0x0800234c   0x0800234c   0x00000080   Code   RO         3481    i.Rs485_Init        int_rs485.o
    0x080023cc   0x080023cc   0x00000020   Code   RO         3482    i.Rs485_SendByte    int_rs485.o
    0x080023ec   0x080023ec   0x0000001a   Code   RO         3483    i.Rs485_SendData    int_rs485.o
    0x08002406   0x08002406   0x00000002   Code   RO          222    i.SVC_Handler       stm32f10x_it.o
    0x08002408   0x08002408   0x00000060   Code   RO         4088    i.SendLeakPosFrame  app_state.o
    0x08002468   0x08002468   0x00000074   Code   RO         4089    i.SendStatusFrame   app_state.o
    0x080024dc   0x080024dc   0x00000008   Code   RO           24    i.SetSysClock       system_stm32f10x.o
    0x080024e4   0x080024e4   0x000000e0   Code   RO           25    i.SetSysClockTo72   system_stm32f10x.o
    0x080025c4   0x080025c4   0x0000000c   Code   RO         4090    i.State_Get         app_state.o
    0x080025d0   0x080025d0   0x00000034   Code   RO         4091    i.State_Init        app_state.o
    0x08002604   0x08002604   0x0000015c   Code   RO         4093    i.State_Update      app_state.o
    0x08002760   0x08002760   0x00000018   Code   RO         3777    i.SysTick_Handler   com_delay.o
    0x08002778   0x08002778   0x00000060   Code   RO           27    i.SystemInit        system_stm32f10x.o
    0x080027d8   0x080027d8   0x00000040   Code   RO         3433    i.TIM3_IRQHandler   int_buzzer.o
    0x08002818   0x08002818   0x00000006   Code   RO         2529    i.TIM_ClearITPendingBit  stm32f10x_tim.o
    0x0800281e   0x0800281e   0x00000018   Code   RO         2534    i.TIM_Cmd           stm32f10x_tim.o
    0x08002836   0x08002836   0x00000022   Code   RO         2555    i.TIM_GetITStatus   stm32f10x_tim.o
    0x08002858   0x08002858   0x00000012   Code   RO         2559    i.TIM_ITConfig      stm32f10x_tim.o
    0x0800286a   0x0800286a   0x00000002   PAD
    0x0800286c   0x0800286c   0x000000a4   Code   RO         2605    i.TIM_TimeBaseInit  stm32f10x_tim.o
    0x08002910   0x08002910   0x00000018   Code   RO         3073    i.USART_Cmd         stm32f10x_usart.o
    0x08002928   0x08002928   0x0000001a   Code   RO         3076    i.USART_GetFlagStatus  stm32f10x_usart.o
    0x08002942   0x08002942   0x00000002   PAD
    0x08002944   0x08002944   0x000000d8   Code   RO         3080    i.USART_Init        stm32f10x_usart.o
    0x08002a1c   0x08002a1c   0x00000008   Code   RO         3090    i.USART_SendData    stm32f10x_usart.o
    0x08002a24   0x08002a24   0x00000080   Code   RO         3823    i.Uart_Init         com_uart.o
    0x08002aa4   0x08002aa4   0x00000020   Code   RO         3824    i.Uart_SendByte     com_uart.o
    0x08002ac4   0x08002ac4   0x00000004   Code   RO          223    i.UsageFault_Handler  stm32f10x_it.o
    0x08002ac8   0x08002ac8   0x00000010   Code   RO         3364    i.Wire_AllOff       int_wire.o
    0x08002ad8   0x08002ad8   0x00000030   Code   RO         3365    i.Wire_Apply        int_wire.o
    0x08002b08   0x08002b08   0x00000048   Code   RO         3366    i.Wire_Init         int_wire.o
    0x08002b50   0x08002b50   0x00000024   Code   RO         3367    i.Wire_SelectPath   int_wire.o
    0x08002b74   0x08002b74   0x0000001c   Code   RO         3368    i.Wire_SetBlackToR9  int_wire.o
    0x08002b90   0x08002b90   0x00000020   Code   RO         3369    i.Wire_SetGreenToR9  int_wire.o
    0x08002bb0   0x08002bb0   0x0000001c   Code   RO         3370    i.Wire_SetRedPower  int_wire.o
    0x08002bcc   0x08002bcc   0x00000028   Code   RO         3371    i.Wire_SetSwitches  int_wire.o
    0x08002bf4   0x08002bf4   0x0000001c   Code   RO         3372    i.Wire_SetYellowPower  int_wire.o
    0x08002c10   0x08002c10   0x00000020   Code   RO         4581    i.__0printf         mc_w.l(printfa.o)
    0x08002c30   0x08002c30   0x00000034   Code   RO         4582    i.__0snprintf       mc_w.l(printfa.o)
    0x08002c64   0x08002c64   0x0000000e   Code   RO         4673    i.__scatterload_copy  mc_w.l(handlers.o)
    0x08002c72   0x08002c72   0x00000002   Code   RO         4674    i.__scatterload_null  mc_w.l(handlers.o)
    0x08002c74   0x08002c74   0x0000000e   Code   RO         4675    i.__scatterload_zeroinit  mc_w.l(handlers.o)
    0x08002c82   0x08002c82   0x00000002   PAD
    0x08002c84   0x08002c84   0x00000184   Code   RO         4588    i._fp_digits        mc_w.l(printfa.o)
    0x08002e08   0x08002e08   0x000006b4   Code   RO         4589    i._printf_core      mc_w.l(printfa.o)
    0x080034bc   0x080034bc   0x00000024   Code   RO         4590    i._printf_post_padding  mc_w.l(printfa.o)
    0x080034e0   0x080034e0   0x0000002e   Code   RO         4591    i._printf_pre_padding  mc_w.l(printfa.o)
    0x0800350e   0x0800350e   0x00000016   Code   RO         4592    i._snputc           mc_w.l(printfa.o)
    0x08003524   0x08003524   0x00000010   Code   RO         3826    i.fputc             com_uart.o
    0x08003534   0x08003534   0x000001bc   Code   RO          138    i.main              main_with_oled.o
    0x080036f0   0x080036f0   0x00000014   Data   RO         3434    .constdata          int_buzzer.o
    0x08003704   0x08003704   0x000005f0   Data   RO         3625    .constdata          int_oled.o
    0x08003cf4   0x08003cf4   0x00000020   Data   RO         4671    Region$$Table       anon$$obj.o


    Execution Region RW_IRAM1 (Exec base: 0x20000000, Load base: 0x08003d14, Size: 0x000008b8, Max: 0x00005000, ABSOLUTE)

    Exec Addr    Load Addr    Size         Type   Attr      Idx    E Section Name        Object

    0x20000000   0x08003d14   0x00000014   Data   RW           28    .data               system_stm32f10x.o
    0x20000014   0x08003d28   0x00000014   Data   RW         1918    .data               stm32f10x_rcc.o
    0x20000028   0x08003d3c   0x00000009   Data   RW         3435    .data               int_buzzer.o
    0x20000031   0x08003d45   0x00000003   PAD
    0x20000034   0x08003d48   0x00000005   Data   RW         3778    .data               com_delay.o
    0x20000039   0x08003d4d   0x00000003   PAD
    0x2000003c   0x08003d50   0x00000008   Data   RW         3879    .data               app_measure.o
    0x20000044   0x08003d58   0x0000000c   Data   RW         4094    .data               app_state.o
    0x20000050   0x08003d64   0x00000001   Data   RW         4156    .data               app_display.o
    0x20000051   0x08003d65   0x00000003   PAD
    0x20000054   0x08003d68   0x00000004   Data   RW         4643    .data               mc_w.l(stdout.o)
    0x20000058        -       0x00000038   Zero   RW          139    .bss                main_with_oled.o
    0x20000090        -       0x00000400   Zero   RW         3624    .bss                int_oled.o
    0x20000490        -       0x00000024   Zero   RW         4000    .bss                app_config.o
    0x200004b4   0x08003d6c   0x00000004   PAD
    0x200004b8        -       0x00000400   Zero   RW           17    STACK               startup_stm32f10x_md.o


==============================================================================

Image component sizes


      Code (inc. data)   RO Data    RW Data    ZI Data      Debug   Object Name

       640        162          0          0         36       4533   app_config.o
      1012        330          0          1          0       5164   app_display.o
       918         76          0          8          0       9335   app_measure.o
       908        296          0         12          0       5648   app_state.o
        32          4          0          0          0        433   com_board.o
       262         44          0          5          0      18826   com_delay.o
       176         12          0          0          0       3228   com_uart.o
         0          0          0          0          0       4564   core_cm3.o
       278         16          0          0          0       2577   int_adc.o
       636        102         20          9          0       5093   int_buzzer.o
       778         40       1520          0       1024       6806   int_oled.o
        96         14          0          0          0       1300   int_relay.o
       186         12          0          0          0       2035   int_rs485.o
       328         32          0          0          0       5089   int_wire.o
      1008        542          0          0         56     216499   main_with_oled.o
       112         12          0          0          0       2712   misc.o
        36          8        236          0       1024        784   startup_stm32f10x_md.o
       394         10          0          0          0      16765   stm32f10x_adc.o
       458          6          0          0          0      13263   stm32f10x_gpio.o
        24          0          0          0          0       3332   stm32f10x_it.o
       300         38          0         20          0      13613   stm32f10x_rcc.o
       246         42          0          0          0      23770   stm32f10x_tim.o
       274          6          0          0          0       9964   stm32f10x_usart.o
       328         28          0         20          0      45629   system_stm32f10x.o

    ----------------------------------------------------------------------
      9448       1832       1808         84       2144     420962   Object Totals
         0          0         32          0          0          0   (incl. Generated)
        18          0          0          9          4          0   (incl. Padding)

    ----------------------------------------------------------------------

      Code (inc. data)   RO Data    RW Data    ZI Data      Debug   Library Member Name

         0          0          0          0          0          0   entry.o
         0          0          0          0          0          0   entry10a.o
         0          0          0          0          0          0   entry11a.o
         4          0          0          0          0          0   entry12b.o
         8          4          0          0          0          0   entry2.o
         4          0          0          0          0          0   entry5.o
         0          0          0          0          0          0   entry7b.o
         0          0          0          0          0          0   entry8b.o
         8          4          0          0          0          0   entry9a.o
        30          0          0          0          0          0   handlers.o
        36          8          0          0          0         68   init.o
         0          0          0          0          0          0   iusefp.o
        30          0          0          0          0         68   llshl.o
        36          0          0          0          0         68   llsshr.o
        32          0          0          0          0         68   llushr.o
        36          0          0          0          0         68   memcpya.o
        36          0          0          0          0        108   memseta.o
      2292         94          0          0          0        620   printfa.o
         0          0          0          4          0          0   stdout.o
        44          0          0          0          0         80   uidiv.o
        98          0          0          0          0         92   uldiv.o
        48          0          0          0          0         68   cdrcmple.o
        20          0          0          0          0         68   cfcmple.o
        20          0          0          0          0         68   cfrcmple.o
       334          0          0          0          0        148   dadd.o
       222          0          0          0          0        100   ddiv.o
       186          0          0          0          0        176   depilogue.o
        48          0          0          0          0         68   dfixul.o
       228          0          0          0          0         96   dmul.o
       176          0          0          0          0        140   fadd.o
       124          0          0          0          0         88   fdiv.o
       110          0          0          0          0        168   fepilogue.o
        50          0          0          0          0         68   ffixi.o
        18          0          0          0          0         68   fflti.o
       100          0          0          0          0         76   fmul.o

    ----------------------------------------------------------------------
      4380        110          0          4          0       2640   Library Totals
         2          0          0          0          0          0   (incl. Padding)

    ----------------------------------------------------------------------

      Code (inc. data)   RO Data    RW Data    ZI Data      Debug   Library Name

      2694        110          0          4          0       1240   mc_w.l
      1684          0          0          0          0       1400   mf_w.l

    ----------------------------------------------------------------------
      4380        110          0          4          0       2640   Library Totals

    ----------------------------------------------------------------------

==============================================================================


      Code (inc. data)   RO Data    RW Data    ZI Data      Debug   

     13828       1942       1808         88       2144     416058   Grand Totals
     13828       1942       1808         88       2144     416058   ELF Image Totals
     13828       1942       1808         88          0          0   ROM Totals

==============================================================================

    Total RO  Size (Code + RO Data)                15636 (  15.27kB)
    Total RW  Size (RW Data + ZI Data)              2232 (   2.18kB)
    Total ROM Size (Code + RO Data + RW Data)      15724 (  15.36kB)

==============================================================================

